
> nextapp@0.1.0 test:e2e
> playwright test


Running 220 tests using 7 workers

  ✓    4 [desktop] › tests/e2e/admin-auth.spec.ts:38:7 › admin auth gate › the signed-out link points back to the admin sign-in page (799ms)
  -    8 [desktop] › tests/e2e/analytics-journey.spec.ts:47:7 › analytics journey (real browser -> /api/track) › a visit, a footer CTA and a form keystroke each report exactly once
  -    9 [desktop] › tests/e2e/analytics-journey.spec.ts:99:7 › analytics journey (real browser -> /api/track) › no personal data reaches the tracking endpoint
  ✓    7 [desktop] › tests/e2e/admin-auth.spec.ts:20:9 › admin auth gate › unauthenticated visit to /admin/dashboard/leads reaches a signed-out state, not admin data (803ms)
  ✓    2 [desktop] › tests/e2e/admin-auth.spec.ts:20:9 › admin auth gate › unauthenticated visit to /admin/dashboard reaches a signed-out state, not admin data (810ms)
  ✓    6 [desktop] › tests/e2e/admin-auth.spec.ts:20:9 › admin auth gate › unauthenticated visit to /admin/dashboard/brief reaches a signed-out state, not admin data (813ms)
  ✓    3 [desktop] › tests/e2e/admin-auth.spec.ts:20:9 › admin auth gate › unauthenticated visit to /admin/dashboard/generator reaches a signed-out state, not admin data (817ms)
  ✓    1 [desktop] › tests/e2e/admin-auth.spec.ts:20:9 › admin auth gate › unauthenticated visit to /admin/dashboard/preview/founder-brief reaches a signed-out state, not admin data (822ms)
  ✓    5 [desktop] › tests/e2e/admin-auth.spec.ts:20:9 › admin auth gate › unauthenticated visit to /admin/dashboard/photos reaches a signed-out state, not admin data (825ms)
  -   10 [desktop] › tests/e2e/analytics-pageview.spec.ts:33:7 › analytics pageview (real browser -> /api/track) › a homepage visit fires a page_view POST to /api/track
  -   17 [desktop] › tests/e2e/contact-modal.spec.ts:56:5 › mobile menu Contact Us opens the modal and closes the menu behind it
  ✓   18 [desktop] › tests/e2e/contact-modal.spec.ts:67:5 › /contact is still a route, not a modal (761ms)
  ✓   12 [desktop] › tests/e2e/booking.spec.ts:47:7 › booking form › a progress dot cannot skip ahead of a step that has not validated (1.0s)
  ✓   19 [desktop] › tests/e2e/error-boundaries.spec.ts:21:7 › 404 boundary › an unknown path renders the intentional 404 page with a 404 status (269ms)
  ✓   14 [desktop] › tests/e2e/contact-modal.spec.ts:19:7 › site nav Contact Us opens the modal without navigating (1.7s)
  ✓   15 [desktop] › tests/e2e/contact-modal.spec.ts:19:7 › footer Contact Us opens the modal without navigating (1.7s)
  -   23 [desktop] › tests/e2e/error-boundaries.spec.ts:80:7 › mobile section-jump keyboard journey › Tab is trapped inside the open menu
  ✓   16 [desktop] › tests/e2e/contact-modal.spec.ts:40:5 › the modal traps focus and hands the page back its scroll on close (2.0s)
  ✓   20 [desktop] › tests/e2e/error-boundaries.spec.ts:34:7 › welcome-walk modal keyboard journey › Escape closes the modal and returns focus to the control that opened it (997ms)
  ✓   13 [desktop] › tests/e2e/booking.spec.ts:67:7 › booking form › phone consultation unchecked: success thanks the visitor and opens the scheduler (2.4s)
  ✓   22 [desktop] › tests/e2e/error-boundaries.spec.ts:102:7 › prefers-reduced-motion › welcome-walk modal is fully visible immediately, with no fade/rise animation (780ms)
  ✓   21 [desktop] › tests/e2e/error-boundaries.spec.ts:63:7 › welcome-walk modal keyboard journey › Tab is trapped inside the modal (1.6s)
  ✓   11 [desktop] › tests/e2e/booking.spec.ts:37:7 › booking form › phone consultation checked: success message promises a call, Calendly never opens (3.3s)
  ✓   27 [desktop] › tests/e2e/home-entrance.spec.ts:123:5 › video is requested only after load and the viewport picks the right size (1.1s)
  ✓   30 [desktop] › tests/e2e/home-entrance.spec.ts:171:5 › keyboard can reach and activate the primary CTA (705ms)
  ✓   24 [desktop] › tests/e2e/home-entrance.spec.ts:73:5 › headline and primary CTA are visible and operable within 1.5s of DOMContentLoaded (2.7s)
  ✓   26 [desktop] › tests/e2e/home-entrance.spec.ts:109:5 › data-saving signal: poster only, no video request (3.2s)
  ✓   25 [desktop] › tests/e2e/home-entrance.spec.ts:92:5 › reduced motion: final state at once, no intro, no video request (3.2s)
  ✓   28 [desktop] › tests/e2e/home-entrance.spec.ts:134:5 › GSAP chunk blocked: CTA and headline stay visible and the page has no entrance (3.3s)
  ✓   35 [desktop] › tests/e2e/home-image-delivery.spec.ts:48:7 › home image delivery › paw walk renders from WebP prints with no horizontal overflow (633ms)
  ✓   29 [desktop] › tests/e2e/home-entrance.spec.ts:162:5 › video request aborted: CTA still visible and operable (3.2s)
  ✓   37 [desktop] › tests/e2e/public-routes.spec.ts:85:9 › public routes › /about loads directly with a 200 and its own <h1> (180ms)
  ✓   38 [desktop] › tests/e2e/public-routes.spec.ts:85:9 › public routes › /safety loads directly with a 200 and its own <h1> (189ms)
  ✓   39 [desktop] › tests/e2e/public-routes.spec.ts:85:9 › public routes › /neighborhoods/williamsburg loads directly with a 200 and its own <h1> (187ms)
  ✓   40 [desktop] › tests/e2e/public-routes.spec.ts:85:9 › public routes › /reviews loads directly with a 200 and its own <h1> (187ms)
  ✓   41 [desktop] › tests/e2e/public-routes.spec.ts:85:9 › public routes › /book loads directly with a 200 and its own <h1> (210ms)
  ✓   31 [desktop] › tests/e2e/home-entrance.spec.ts:190:7 › no horizontal overflow at 375px after the intro (2.9s)
  ✓   42 [desktop] › tests/e2e/public-routes.spec.ts:85:9 › public routes › /contact loads directly with a 200 and its own <h1> (167ms)
  ✓   43 [desktop] › tests/e2e/public-routes.spec.ts:85:9 › public routes › /signup loads directly with a 200 and its own <h1> (252ms)
  ✓   44 [desktop] › tests/e2e/public-routes.spec.ts:92:7 › public routes › refresh preserves the page (no client-side-only routing) (270ms)
  ✓   32 [desktop] › tests/e2e/home-entrance.spec.ts:190:7 › no horizontal overflow at 768px after the intro (3.0s)
  ✓   47 [desktop] › tests/e2e/public-routes.spec.ts:126:9 › public routes › legacy /?page=about redirects to /about (345ms)
  ✓   34 [desktop] › tests/e2e/home-image-delivery.spec.ts:16:7 › home image delivery › team portraits are not requested until scrolled near, then load and show (2.0s)
  ✓   36 [desktop] › tests/e2e/public-routes.spec.ts:85:9 › public routes › / loads directly with a 200 and its own <h1> (1.4s)
  ✓   48 [desktop] › tests/e2e/public-routes.spec.ts:126:9 › public routes › legacy /?page=safety redirects to /safety (281ms)
  ✓   50 [desktop] › tests/e2e/public-routes.spec.ts:126:9 › public routes › legacy /?page=book redirects to /book (199ms)
  ✓   33 [desktop] › tests/e2e/home-entrance.spec.ts:190:7 › no horizontal overflow at 1440px after the intro (2.9s)
  ✓   49 [desktop] › tests/e2e/public-routes.spec.ts:126:9 › public routes › legacy /?page=reviews redirects to /reviews (274ms)
  ✓   46 [desktop] › tests/e2e/public-routes.spec.ts:126:9 › public routes › legacy /?page=how-it-works redirects to /#home-how-it-works-block (670ms)
  ✓   51 [desktop] › tests/e2e/public-routes.spec.ts:126:9 › public routes › legacy /?page=contact redirects to /contact (253ms)
  ✓   52 [desktop] › tests/e2e/public-routes.spec.ts:126:9 › public routes › legacy /?hood=williamsburg redirects to /neighborhoods/williamsburg (251ms)
  ✓   56 [desktop] › tests/e2e/public-routes.spec.ts:149:7 › public routes › unknown legacy params fall back to the homepage (1.5s)
  ✓   54 [desktop] › tests/e2e/public-routes.spec.ts:143:7 › public routes › legacy ?page=home stays on the homepage (no redirect loop) (1.6s)
  ✓   53 [desktop] › tests/e2e/public-routes.spec.ts:132:7 › public routes › retired /services redirects to the home rates panel (1.6s)
  -   59 [desktop] › tests/e2e/public-routes.spec.ts:183:7 › public routes › mobile hamburger menu opens and its links navigate
  ✓   62 [desktop] › tests/e2e/public-routes.spec.ts:245:7 › public routes › /playground/service-cards returns 404 in production (311ms)
  ✓   45 [desktop] › tests/e2e/public-routes.spec.ts:99:7 › public routes › browser back/forward restores the right page (3.0s)
[WebServer] [bench] settings read failed, using defaults invalid_grant: Invalid grant: account not found
  ✓   61 [desktop] › tests/e2e/public-routes.spec.ts:237:7 › public routes › no alert() fires while browsing the former fake-form pages (834ms)
  ✓   58 [desktop] › tests/e2e/public-routes.spec.ts:174:7 › public routes › the menu "Where We Do It" entry scrolls to the home parks list (2.3s)
  ✓   63 [desktop] › tests/e2e/public-routes.spec.ts:257:7 › public routes › disabled homepage sections never render (713ms)
  ✓   57 [desktop] › tests/e2e/public-routes.spec.ts:158:7 › public routes › desktop nav links reach their destination (2.6s)
  ✓   65 [desktop] › tests/e2e/public-routes.spec.ts:280:11 › no horizontal overflow at any checked width › /about at 375px has no horizontal overflow (682ms)
  ✓   66 [desktop] › tests/e2e/public-routes.spec.ts:280:11 › no horizontal overflow at any checked width › /safety at 375px has no horizontal overflow (679ms)
  ✓   67 [desktop] › tests/e2e/public-routes.spec.ts:280:11 › no horizontal overflow at any checked width › /neighborhoods/williamsburg at 375px has no horizontal overflow (634ms)
  ✓   68 [desktop] › tests/e2e/public-routes.spec.ts:280:11 › no horizontal overflow at any checked width › /reviews at 375px has no horizontal overflow (658ms)
  ✓   64 [desktop] › tests/e2e/public-routes.spec.ts:280:11 › no horizontal overflow at any checked width › / at 375px has no horizontal overflow (1.6s)
  ✓   69 [desktop] › tests/e2e/public-routes.spec.ts:280:11 › no horizontal overflow at any checked width › /book at 375px has no horizontal overflow (640ms)
  ✓   70 [desktop] › tests/e2e/public-routes.spec.ts:280:11 › no horizontal overflow at any checked width › /contact at 375px has no horizontal overflow (634ms)
  ✓   71 [desktop] › tests/e2e/public-routes.spec.ts:280:11 › no horizontal overflow at any checked width › /signup at 375px has no horizontal overflow (639ms)
  ✓   55 [desktop] › tests/e2e/public-routes.spec.ts:138:7 › public routes › legacy ?page=services lands on the home rates panel (4.2s)
  ✓   73 [desktop] › tests/e2e/public-routes.spec.ts:280:11 › no horizontal overflow at any checked width › /about at 768px has no horizontal overflow (675ms)
  ✓   74 [desktop] › tests/e2e/public-routes.spec.ts:280:11 › no horizontal overflow at any checked width › /safety at 768px has no horizontal overflow (668ms)
  ✓   75 [desktop] › tests/e2e/public-routes.spec.ts:280:11 › no horizontal overflow at any checked width › /neighborhoods/williamsburg at 768px has no horizontal overflow (660ms)
  ✓   72 [desktop] › tests/e2e/public-routes.spec.ts:280:11 › no horizontal overflow at any checked width › / at 768px has no horizontal overflow (1.1s)
  ✓   76 [desktop] › tests/e2e/public-routes.spec.ts:280:11 › no horizontal overflow at any checked width › /reviews at 768px has no horizontal overflow (672ms)
  ✓   77 [desktop] › tests/e2e/public-routes.spec.ts:280:11 › no horizontal overflow at any checked width › /book at 768px has no horizontal overflow (634ms)
  ✓   78 [desktop] › tests/e2e/public-routes.spec.ts:280:11 › no horizontal overflow at any checked width › /contact at 768px has no horizontal overflow (658ms)
  ✓   79 [desktop] › tests/e2e/public-routes.spec.ts:280:11 › no horizontal overflow at any checked width › /signup at 768px has no horizontal overflow (701ms)
  ✓   81 [desktop] › tests/e2e/public-routes.spec.ts:280:11 › no horizontal overflow at any checked width › /about at 1440px has no horizontal overflow (678ms)
  ✓   82 [desktop] › tests/e2e/public-routes.spec.ts:280:11 › no horizontal overflow at any checked width › /safety at 1440px has no horizontal overflow (720ms)
  ✓   83 [desktop] › tests/e2e/public-routes.spec.ts:280:11 › no horizontal overflow at any checked width › /neighborhoods/williamsburg at 1440px has no horizontal overflow (643ms)
  ✓   84 [desktop] › tests/e2e/public-routes.spec.ts:280:11 › no horizontal overflow at any checked width › /reviews at 1440px has no horizontal overflow (676ms)
  ✓   60 [desktop] › tests/e2e/public-routes.spec.ts:204:7 › public routes › every "book" CTA opens booking in place (4.2s)
  -   89 [desktop] › tests/e2e/public-routes.spec.ts:314:7 › keyboard access › mobile hamburger toggle opens the menu on Enter, not just click
  ✓   85 [desktop] › tests/e2e/public-routes.spec.ts:280:11 › no horizontal overflow at any checked width › /book at 1440px has no horizontal overflow (776ms)
  ✓   86 [desktop] › tests/e2e/public-routes.spec.ts:280:11 › no horizontal overflow at any checked width › /contact at 1440px has no horizontal overflow (708ms)
  ✓   92 [desktop] › tests/e2e/public-routes.spec.ts:367:9 › legacy link redirects (proxy) › /?page=services -> 307 /#home-personalized-care-section (11ms)
  ✓   93 [desktop] › tests/e2e/public-routes.spec.ts:367:9 › legacy link redirects (proxy) › /?page=how-it-works -> 307 /#home-how-it-works-block (6ms)
  ✓   95 [desktop] › tests/e2e/public-routes.spec.ts:367:9 › legacy link redirects (proxy) › /?hood=williamsburg&page=about -> 307 /neighborhoods/williamsburg (5ms)
  ✓   94 [desktop] › tests/e2e/public-routes.spec.ts:367:9 › legacy link redirects (proxy) › /?page=about&utm_source=mail -> 307 /about (7ms)
  ✓   96 [desktop] › tests/e2e/public-routes.spec.ts:367:9 › legacy link redirects (proxy) › /?page=about&page=safety -> 307 /about (4ms)
  ✓   97 [desktop] › tests/e2e/public-routes.spec.ts:375:9 › legacy link redirects (proxy) › / is served without a redirect (6ms)
  ✓   98 [desktop] › tests/e2e/public-routes.spec.ts:375:9 › legacy link redirects (proxy) › /?welcome=1 is served without a redirect (9ms)
  ✓   99 [desktop] › tests/e2e/public-routes.spec.ts:375:9 › legacy link redirects (proxy) › /?utm_source=a&utm_campaign=b is served without a redirect (9ms)
  ✓  100 [desktop] › tests/e2e/public-routes.spec.ts:375:9 › legacy link redirects (proxy) › /?page=home is served without a redirect (12ms)
  ✓  101 [desktop] › tests/e2e/public-routes.spec.ts:375:9 › legacy link redirects (proxy) › /?page=nope is served without a redirect (11ms)
  ✓   90 [desktop] › tests/e2e/public-routes.spec.ts:324:7 › keyboard access › booking form fields are reachable by Tab (249ms)
  -  104 [desktop] › tests/e2e/section-nav.spec.ts:66:7 › mobile section jump › stays out of the way over the hero, then jumps to a section
  ✓   87 [desktop] › tests/e2e/public-routes.spec.ts:280:11 › no horizontal overflow at any checked width › /signup at 1440px has no horizontal overflow (756ms)
  -  105 [desktop] › tests/e2e/section-nav.spec.ts:101:7 › mobile section jump › closes on Escape and returns focus to the trigger
  ✓  103 [desktop] › tests/e2e/section-nav.spec.ts:57:7 › desktop section rail › renders nothing on a route with no registered sections (203ms)
[WebServer] [bench] settings read failed, using defaults invalid_grant: Invalid grant: account not found
[WebServer] [bench] settings read failed, using defaults invalid_grant: Invalid grant: account not found
[WebServer] [bench] settings read failed, using defaults invalid_grant: Invalid grant: account not found
[WebServer] [bench] settings read failed, using defaults invalid_grant: Invalid grant: account not found
[WebServer] [bench] settings read failed, using defaults invalid_grant: Invalid grant: account not found
[WebServer] [bench] settings read failed, using defaults invalid_grant: Invalid grant: account not found
  ✓   91 [desktop] › tests/e2e/public-routes.spec.ts:340:7 › prefers-reduced-motion › home hero content is visible immediately, not waiting on an animation (639ms)
  ✓  107 [desktop] › tests/e2e/walk-with-us.spec.ts:19:7 › on-call walker application › leads with the on-call terms (357ms)
[WebServer] [bench] settings read failed, using defaults invalid_grant: Invalid grant: account not found
[WebServer] [bench] settings read failed, using defaults invalid_grant: Invalid grant: account not found
[WebServer] [bench] settings read failed, using defaults invalid_grant: Invalid grant: account not found
[WebServer] [bench] settings read failed, using defaults invalid_grant: Invalid grant: account not found
[WebServer] [bench] settings read failed, using defaults invalid_grant: Invalid grant: account not found
  ✓  109 [desktop] › tests/e2e/walk-with-us.spec.ts:118:7 › on-call walker application › Contact Us opens the contact modal (491ms)
  ✓  110 [desktop] › tests/e2e/walk-with-us.spec.ts:124:7 › on-call walker application › has no horizontal scroll at this width (391ms)
  ✓  106 [desktop] › tests/e2e/walk-with-us.spec.ts:27:7 › on-call walker application › keeps partial answers across a refresh (762ms)
  ✓  102 [desktop] › tests/e2e/section-nav.spec.ts:32:7 › desktop section rail › lands a clicked section flush under the fixed nav (1.2s)
  ✓  108 [desktop] › tests/e2e/walk-with-us.spec.ts:38:7 › on-call walker application › lists every question, validates, and submits every answer (1.4s)
  ✓   88 [desktop] › tests/e2e/public-routes.spec.ts:293:7 › keyboard access › desktop nav is reachable and operable by keyboard (2.4s)
  ✓  111 [mobile] › tests/e2e/admin-auth.spec.ts:20:9 › admin auth gate › unauthenticated visit to /admin/dashboard reaches a signed-out state, not admin data (775ms)
  ✓  112 [mobile] › tests/e2e/admin-auth.spec.ts:20:9 › admin auth gate › unauthenticated visit to /admin/dashboard/photos reaches a signed-out state, not admin data (893ms)
  -  118 [mobile] › tests/e2e/analytics-journey.spec.ts:47:7 › analytics journey (real browser -> /api/track) › a visit, a footer CTA and a form keystroke each report exactly once
  -  119 [mobile] › tests/e2e/analytics-journey.spec.ts:99:7 › analytics journey (real browser -> /api/track) › no personal data reaches the tracking endpoint
  ✓  114 [mobile] › tests/e2e/admin-auth.spec.ts:20:9 › admin auth gate › unauthenticated visit to /admin/dashboard/generator reaches a signed-out state, not admin data (899ms)
  ✓  113 [mobile] › tests/e2e/admin-auth.spec.ts:20:9 › admin auth gate › unauthenticated visit to /admin/dashboard/leads reaches a signed-out state, not admin data (1.1s)
  -  120 [mobile] › tests/e2e/analytics-pageview.spec.ts:33:7 › analytics pageview (real browser -> /api/track) › a homepage visit fires a page_view POST to /api/track
  ✓  115 [mobile] › tests/e2e/admin-auth.spec.ts:20:9 › admin auth gate › unauthenticated visit to /admin/dashboard/brief reaches a signed-out state, not admin data (628ms)
  ✓  117 [mobile] › tests/e2e/admin-auth.spec.ts:38:7 › admin auth gate › the signed-out link points back to the admin sign-in page (719ms)
  -  124 [mobile] › tests/e2e/contact-modal.spec.ts:19:7 › site nav Contact Us opens the modal without navigating
  ✓  116 [mobile] › tests/e2e/admin-auth.spec.ts:20:9 › admin auth gate › unauthenticated visit to /admin/dashboard/preview/founder-brief reaches a signed-out state, not admin data (814ms)
  -  125 [mobile] › tests/e2e/contact-modal.spec.ts:19:7 › footer Contact Us opens the modal without navigating
  -  126 [mobile] › tests/e2e/contact-modal.spec.ts:40:5 › the modal traps focus and hands the page back its scroll on close
  ✓  122 [mobile] › tests/e2e/booking.spec.ts:47:7 › booking form › a progress dot cannot skip ahead of a step that has not validated (1.1s)
  ✓  128 [mobile] › tests/e2e/contact-modal.spec.ts:67:5 › /contact is still a route, not a modal (560ms)
  ✓  129 [mobile] › tests/e2e/error-boundaries.spec.ts:21:7 › 404 boundary › an unknown path renders the intentional 404 page with a 404 status (568ms)
  -  131 [mobile] › tests/e2e/error-boundaries.spec.ts:63:7 › welcome-walk modal keyboard journey › Tab is trapped inside the modal
  ✓  127 [mobile] › tests/e2e/contact-modal.spec.ts:56:5 › mobile menu Contact Us opens the modal and closes the menu behind it (1.5s)
  ✓  132 [mobile] › tests/e2e/error-boundaries.spec.ts:80:7 › mobile section-jump keyboard journey › Tab is trapped inside the open menu (978ms)
  ✓  133 [mobile] › tests/e2e/error-boundaries.spec.ts:102:7 › prefers-reduced-motion › welcome-walk modal is fully visible immediately, with no fade/rise animation (1.1s)
  ✓  130 [mobile] › tests/e2e/error-boundaries.spec.ts:34:7 › welcome-walk modal keyboard journey › Escape closes the modal and returns focus to the control that opened it (2.0s)
  ✓  121 [mobile] › tests/e2e/booking.spec.ts:37:7 › booking form › phone consultation checked: success message promises a call, Calendly never opens (4.0s)
  ✓  123 [mobile] › tests/e2e/booking.spec.ts:67:7 › booking form › phone consultation unchecked: success thanks the visitor and opens the scheduler (3.9s)
  ✓  134 [mobile] › tests/e2e/home-entrance.spec.ts:73:5 › headline and primary CTA are visible and operable within 1.5s of DOMContentLoaded (2.9s)
  -  140 [mobile] › tests/e2e/home-entrance.spec.ts:171:5 › keyboard can reach and activate the primary CTA
  ✓  137 [mobile] › tests/e2e/home-entrance.spec.ts:123:5 › video is requested only after load and the viewport picks the right size (2.2s)
  ✓  135 [mobile] › tests/e2e/home-entrance.spec.ts:92:5 › reduced motion: final state at once, no intro, no video request (3.4s)
  ✓   80 [desktop] › tests/e2e/public-routes.spec.ts:280:11 › no horizontal overflow at any checked width › / at 1440px has no horizontal overflow (10.0s)
  ✓  136 [mobile] › tests/e2e/home-entrance.spec.ts:109:5 › data-saving signal: poster only, no video request (3.4s)
  ✓  144 [mobile] › tests/e2e/home-image-delivery.spec.ts:48:7 › home image delivery › paw walk renders from WebP prints with no horizontal overflow (1.3s)
  ✓  138 [mobile] › tests/e2e/home-entrance.spec.ts:134:5 › GSAP chunk blocked: CTA and headline stay visible and the page has no entrance (3.3s)
  ✓  139 [mobile] › tests/e2e/home-entrance.spec.ts:162:5 › video request aborted: CTA still visible and operable (3.5s)
  ✓  147 [mobile] › tests/e2e/public-routes.spec.ts:85:9 › public routes › /about loads directly with a 200 and its own <h1> (359ms)
  ✓  148 [mobile] › tests/e2e/public-routes.spec.ts:85:9 › public routes › /safety loads directly with a 200 and its own <h1> (382ms)
  ✓  149 [mobile] › tests/e2e/public-routes.spec.ts:85:9 › public routes › /neighborhoods/williamsburg loads directly with a 200 and its own <h1> (366ms)
  ✓  151 [mobile] › tests/e2e/public-routes.spec.ts:85:9 › public routes › /book loads directly with a 200 and its own <h1> (330ms)
  ✓  150 [mobile] › tests/e2e/public-routes.spec.ts:85:9 › public routes › /reviews loads directly with a 200 and its own <h1> (348ms)
  ✓  141 [mobile] › tests/e2e/home-entrance.spec.ts:190:7 › no horizontal overflow at 375px after the intro (3.3s)
  ✓  153 [mobile] › tests/e2e/public-routes.spec.ts:85:9 › public routes › /signup loads directly with a 200 and its own <h1> (283ms)
  ✓  152 [mobile] › tests/e2e/public-routes.spec.ts:85:9 › public routes › /contact loads directly with a 200 and its own <h1> (308ms)
  ✓  146 [mobile] › tests/e2e/public-routes.spec.ts:85:9 › public routes › / loads directly with a 200 and its own <h1> (1.4s)
  ✓  143 [mobile] › tests/e2e/home-entrance.spec.ts:190:7 › no horizontal overflow at 1440px after the intro (3.0s)
  ✓  142 [mobile] › tests/e2e/home-entrance.spec.ts:190:7 › no horizontal overflow at 768px after the intro (3.3s)
  ✓  157 [mobile] › tests/e2e/public-routes.spec.ts:126:9 › public routes › legacy /?page=about redirects to /about (412ms)
  ✓  145 [mobile] › tests/e2e/home-image-delivery.spec.ts:16:7 › home image delivery › team portraits are not requested until scrolled near, then load and show (2.4s)
  ✓  154 [mobile] › tests/e2e/public-routes.spec.ts:92:7 › public routes › refresh preserves the page (no client-side-only routing) (557ms)
  ✓  158 [mobile] › tests/e2e/public-routes.spec.ts:126:9 › public routes › legacy /?page=safety redirects to /safety (475ms)
  ✓  159 [mobile] › tests/e2e/public-routes.spec.ts:126:9 › public routes › legacy /?page=reviews redirects to /reviews (498ms)
  ✓  160 [mobile] › tests/e2e/public-routes.spec.ts:126:9 › public routes › legacy /?page=book redirects to /book (340ms)
  ✓  161 [mobile] › tests/e2e/public-routes.spec.ts:126:9 › public routes › legacy /?page=contact redirects to /contact (343ms)
  ✓  162 [mobile] › tests/e2e/public-routes.spec.ts:126:9 › public routes › legacy /?hood=williamsburg redirects to /neighborhoods/williamsburg (336ms)
  -  167 [mobile] › tests/e2e/public-routes.spec.ts:158:7 › public routes › desktop nav links reach their destination
  ✓  156 [mobile] › tests/e2e/public-routes.spec.ts:126:9 › public routes › legacy /?page=how-it-works redirects to /#home-how-it-works-block (1.1s)
  ✓  164 [mobile] › tests/e2e/public-routes.spec.ts:138:7 › public routes › legacy ?page=services lands on the home rates panel (1.1s)
  ✓  163 [mobile] › tests/e2e/public-routes.spec.ts:132:7 › public routes › retired /services redirects to the home rates panel (1.6s)
  ✓  165 [mobile] › tests/e2e/public-routes.spec.ts:143:7 › public routes › legacy ?page=home stays on the homepage (no redirect loop) (1.5s)
  ✓  166 [mobile] › tests/e2e/public-routes.spec.ts:149:7 › public routes › unknown legacy params fall back to the homepage (1.5s)
  ✓  172 [mobile] › tests/e2e/public-routes.spec.ts:245:7 › public routes › /playground/service-cards returns 404 in production (189ms)
  ✓  155 [mobile] › tests/e2e/public-routes.spec.ts:99:7 › public routes › browser back/forward restores the right page (2.8s)
  ✓  171 [mobile] › tests/e2e/public-routes.spec.ts:237:7 › public routes › no alert() fires while browsing the former fake-form pages (670ms)
  ✓  168 [mobile] › tests/e2e/public-routes.spec.ts:174:7 › public routes › the menu "Where We Do It" entry scrolls to the home parks list (2.0s)
  ✓  169 [mobile] › tests/e2e/public-routes.spec.ts:183:7 › public routes › mobile hamburger menu opens and its links navigate (2.0s)
  ✓  173 [mobile] › tests/e2e/public-routes.spec.ts:257:7 › public routes › disabled homepage sections never render (972ms)
  ✓  175 [mobile] › tests/e2e/public-routes.spec.ts:280:11 › no horizontal overflow at any checked width › /about at 375px has no horizontal overflow (888ms)
  ✓  176 [mobile] › tests/e2e/public-routes.spec.ts:280:11 › no horizontal overflow at any checked width › /safety at 375px has no horizontal overflow (876ms)
  ✓  177 [mobile] › tests/e2e/public-routes.spec.ts:280:11 › no horizontal overflow at any checked width › /neighborhoods/williamsburg at 375px has no horizontal overflow (848ms)
  ✓  178 [mobile] › tests/e2e/public-routes.spec.ts:280:11 › no horizontal overflow at any checked width › /reviews at 375px has no horizontal overflow (921ms)
  ✓  174 [mobile] › tests/e2e/public-routes.spec.ts:280:11 › no horizontal overflow at any checked width › / at 375px has no horizontal overflow (1.8s)
  ✓  181 [mobile] › tests/e2e/public-routes.spec.ts:280:11 › no horizontal overflow at any checked width › /signup at 375px has no horizontal overflow (861ms)
  ✓  179 [mobile] › tests/e2e/public-routes.spec.ts:280:11 › no horizontal overflow at any checked width › /book at 375px has no horizontal overflow (1.2s)
  ✓  180 [mobile] › tests/e2e/public-routes.spec.ts:280:11 › no horizontal overflow at any checked width › /contact at 375px has no horizontal overflow (879ms)
  ✓  183 [mobile] › tests/e2e/public-routes.spec.ts:280:11 › no horizontal overflow at any checked width › /about at 768px has no horizontal overflow (903ms)
  ✓  184 [mobile] › tests/e2e/public-routes.spec.ts:280:11 › no horizontal overflow at any checked width › /safety at 768px has no horizontal overflow (802ms)
  ✓  185 [mobile] › tests/e2e/public-routes.spec.ts:280:11 › no horizontal overflow at any checked width › /neighborhoods/williamsburg at 768px has no horizontal overflow (882ms)
  ✓  186 [mobile] › tests/e2e/public-routes.spec.ts:280:11 › no horizontal overflow at any checked width › /reviews at 768px has no horizontal overflow (891ms)
  ✓  170 [mobile] › tests/e2e/public-routes.spec.ts:204:7 › public routes › every "book" CTA opens booking in place (3.8s)
  ✓  188 [mobile] › tests/e2e/public-routes.spec.ts:280:11 › no horizontal overflow at any checked width › /contact at 768px has no horizontal overflow (847ms)
  ✓  182 [mobile] › tests/e2e/public-routes.spec.ts:280:11 › no horizontal overflow at any checked width › / at 768px has no horizontal overflow (1.9s)
  ✓  189 [mobile] › tests/e2e/public-routes.spec.ts:280:11 › no horizontal overflow at any checked width › /signup at 768px has no horizontal overflow (805ms)
  ✓  187 [mobile] › tests/e2e/public-routes.spec.ts:280:11 › no horizontal overflow at any checked width › /book at 768px has no horizontal overflow (1.5s)
  ✓  191 [mobile] › tests/e2e/public-routes.spec.ts:280:11 › no horizontal overflow at any checked width › /about at 1440px has no horizontal overflow (870ms)
  ✓  190 [mobile] › tests/e2e/public-routes.spec.ts:280:11 › no horizontal overflow at any checked width › / at 1440px has no horizontal overflow (1.0s)
  ✓  192 [mobile] › tests/e2e/public-routes.spec.ts:280:11 › no horizontal overflow at any checked width › /safety at 1440px has no horizontal overflow (914ms)
  ✓  193 [mobile] › tests/e2e/public-routes.spec.ts:280:11 › no horizontal overflow at any checked width › /neighborhoods/williamsburg at 1440px has no horizontal overflow (824ms)
  -  198 [mobile] › tests/e2e/public-routes.spec.ts:293:7 › keyboard access › desktop nav is reachable and operable by keyboard
  ✓  194 [mobile] › tests/e2e/public-routes.spec.ts:280:11 › no horizontal overflow at any checked width › /reviews at 1440px has no horizontal overflow (840ms)
  ✓  202 [mobile] › tests/e2e/public-routes.spec.ts:367:9 › legacy link redirects (proxy) › /?page=services -> 307 /#home-personalized-care-section (16ms)
  ✓  203 [mobile] › tests/e2e/public-routes.spec.ts:367:9 › legacy link redirects (proxy) › /?page=how-it-works -> 307 /#home-how-it-works-block (4ms)
  ✓  204 [mobile] › tests/e2e/public-routes.spec.ts:367:9 › legacy link redirects (proxy) › /?page=about&utm_source=mail -> 307 /about (5ms)
  ✓  205 [mobile] › tests/e2e/public-routes.spec.ts:367:9 › legacy link redirects (proxy) › /?hood=williamsburg&page=about -> 307 /neighborhoods/williamsburg (3ms)
  ✓  206 [mobile] › tests/e2e/public-routes.spec.ts:367:9 › legacy link redirects (proxy) › /?page=about&page=safety -> 307 /about (10ms)
  ✓  207 [mobile] › tests/e2e/public-routes.spec.ts:375:9 › legacy link redirects (proxy) › / is served without a redirect (11ms)
  ✓  208 [mobile] › tests/e2e/public-routes.spec.ts:375:9 › legacy link redirects (proxy) › /?welcome=1 is served without a redirect (7ms)
  ✓  209 [mobile] › tests/e2e/public-routes.spec.ts:375:9 › legacy link redirects (proxy) › /?utm_source=a&utm_campaign=b is served without a redirect (8ms)
  ✓  210 [mobile] › tests/e2e/public-routes.spec.ts:375:9 › legacy link redirects (proxy) › /?page=home is served without a redirect (32ms)
  ✓  211 [mobile] › tests/e2e/public-routes.spec.ts:375:9 › legacy link redirects (proxy) › /?page=nope is served without a redirect (21ms)
  -  212 [mobile] › tests/e2e/section-nav.spec.ts:32:7 › desktop section rail › lands a clicked section flush under the fixed nav
  -  213 [mobile] › tests/e2e/section-nav.spec.ts:57:7 › desktop section rail › renders nothing on a route with no registered sections
  ✓  196 [mobile] › tests/e2e/public-routes.spec.ts:280:11 › no horizontal overflow at any checked width › /contact at 1440px has no horizontal overflow (898ms)
  ✓  200 [mobile] › tests/e2e/public-routes.spec.ts:324:7 › keyboard access › booking form fields are reachable by Tab (390ms)
[WebServer] [bench] settings read failed, using defaults invalid_grant: Invalid grant: account not found
  ✓  197 [mobile] › tests/e2e/public-routes.spec.ts:280:11 › no horizontal overflow at any checked width › /signup at 1440px has no horizontal overflow (966ms)
[WebServer] [bench] settings read failed, using defaults invalid_grant: Invalid grant: account not found
  ✓  195 [mobile] › tests/e2e/public-routes.spec.ts:280:11 › no horizontal overflow at any checked width › /book at 1440px has no horizontal overflow (1.4s)
  ✓  216 [mobile] › tests/e2e/walk-with-us.spec.ts:19:7 › on-call walker application › leads with the on-call terms (527ms)
[WebServer] [bench] settings read failed, using defaults invalid_grant: Invalid grant: account not found
  ✓  201 [mobile] › tests/e2e/public-routes.spec.ts:340:7 › prefers-reduced-motion › home hero content is visible immediately, not waiting on an animation (908ms)
[WebServer] [bench] settings read failed, using defaults invalid_grant: Invalid grant: account not found
[WebServer] [bench] settings read failed, using defaults invalid_grant: Invalid grant: account not found
[WebServer] [bench] settings read failed, using defaults invalid_grant: Invalid grant: account not found
[WebServer] [bench] settings read failed, using defaults invalid_grant: Invalid grant: account not found
[WebServer] [bench] settings read failed, using defaults invalid_grant: Invalid grant: account not found
[WebServer] [bench] settings read failed, using defaults invalid_grant: Invalid grant: account not found
[WebServer] [bench] settings read failed, using defaults invalid_grant: Invalid grant: account not found
  ✓  220 [mobile] › tests/e2e/walk-with-us.spec.ts:124:7 › on-call walker application › has no horizontal scroll at this width (436ms)
[WebServer] [bench] settings read failed, using defaults invalid_grant: Invalid grant: account not found
  ✓  199 [mobile] › tests/e2e/public-routes.spec.ts:314:7 › keyboard access › mobile hamburger toggle opens the menu on Enter, not just click (1.6s)
  ✓  215 [mobile] › tests/e2e/section-nav.spec.ts:101:7 › mobile section jump › closes on Escape and returns focus to the trigger (1.1s)
  ✓  219 [mobile] › tests/e2e/walk-with-us.spec.ts:118:7 › on-call walker application › Contact Us opens the contact modal (513ms)
  ✓  217 [mobile] › tests/e2e/walk-with-us.spec.ts:27:7 › on-call walker application › keeps partial answers across a refresh (779ms)
  ✓  214 [mobile] › tests/e2e/section-nav.spec.ts:66:7 › mobile section jump › stays out of the way over the hero, then jumps to a section (2.3s)
  ✓  218 [mobile] › tests/e2e/walk-with-us.spec.ts:38:7 › on-call walker application › lists every question, validates, and submits every answer (2.4s)
::notice title=🎭 Playwright Run Summary::  21 skipped%0A  199 passed (36.6s)

  21 skipped
  199 passed (36.6s)
