
Running 176 tests using 4 workers

  ✓    2 [desktop] › tests/e2e/admin-auth.spec.ts:20:9 › admin auth gate › unauthenticated visit to /admin/dashboard reaches a signed-out state, not admin data (391ms)
  ✓    4 [desktop] › tests/e2e/admin-auth.spec.ts:20:9 › admin auth gate › unauthenticated visit to /admin/dashboard/leads reaches a signed-out state, not admin data (392ms)
  ✓    1 [desktop] › tests/e2e/admin-auth.spec.ts:20:9 › admin auth gate › unauthenticated visit to /admin/dashboard/photos reaches a signed-out state, not admin data (392ms)
  ✓    3 [desktop] › tests/e2e/admin-auth.spec.ts:20:9 › admin auth gate › unauthenticated visit to /admin/dashboard/generator reaches a signed-out state, not admin data (393ms)
  -    5 [desktop] › tests/e2e/analytics-journey.spec.ts:47:7 › analytics journey (real browser -> /api/track) › a visit, a footer CTA and a form keystroke each report exactly once
  -    6 [desktop] › tests/e2e/analytics-journey.spec.ts:96:7 › analytics journey (real browser -> /api/track) › no personal data reaches the tracking endpoint
  -   10 [desktop] › tests/e2e/analytics-pageview.spec.ts:33:7 › analytics pageview (real browser -> /api/track) › a homepage visit fires a page_view POST to /api/track
  ✓    9 [desktop] › tests/e2e/admin-auth.spec.ts:38:7 › admin auth gate › the signed-out link points back to the admin sign-in page (197ms)
  ✓    8 [desktop] › tests/e2e/admin-auth.spec.ts:20:9 › admin auth gate › unauthenticated visit to /admin/dashboard/preview/founder-brief reaches a signed-out state, not admin data (206ms)
  ✓    7 [desktop] › tests/e2e/admin-auth.spec.ts:20:9 › admin auth gate › unauthenticated visit to /admin/dashboard/brief reaches a signed-out state, not admin data (212ms)
  ✓   12 [desktop] › tests/e2e/booking.spec.ts:51:7 › booking form › a progress dot cannot skip ahead of a step that has not validated (702ms)
  ✓   13 [desktop] › tests/e2e/booking.spec.ts:71:7 › booking form › phone consultation unchecked: success thanks the visitor and opens the scheduler (1.1s)
  ✓   11 [desktop] › tests/e2e/booking.spec.ts:41:7 › booking form › phone consultation checked: success message promises a call, Calendly never opens (2.1s)
  -   17 [desktop] › tests/e2e/contact-modal.spec.ts:56:5 › mobile menu Contact Us opens the modal and closes the menu behind it
  ✓   18 [desktop] › tests/e2e/contact-modal.spec.ts:67:5 › /contact is still a route, not a modal (123ms)
  ✓   19 [desktop] › tests/e2e/error-boundaries.spec.ts:21:7 › 404 boundary › an unknown path renders the intentional 404 page with a 404 status (133ms)
  ✓   15 [desktop] › tests/e2e/contact-modal.spec.ts:19:7 › footer Contact Us opens the modal without navigating (1.6s)
  ✓   14 [desktop] › tests/e2e/contact-modal.spec.ts:19:7 › site nav Contact Us opens the modal without navigating (2.8s)
  -   22 [desktop] › tests/e2e/error-boundaries.spec.ts:80:7 › mobile section-jump keyboard journey › Tab is trapped inside the open menu
  ✓   23 [desktop] › tests/e2e/error-boundaries.spec.ts:102:7 › prefers-reduced-motion › welcome-walk modal is fully visible immediately, with no fade/rise animation (650ms)
  ✓   16 [desktop] › tests/e2e/contact-modal.spec.ts:40:5 › the modal traps focus and hands the page back its scroll on close (3.0s)
  ✓   25 [desktop] › tests/e2e/public-routes.spec.ts:84:9 › public routes › /about loads directly with a 200 and its own <h1> (160ms)
  ✓   26 [desktop] › tests/e2e/public-routes.spec.ts:84:9 › public routes › /safety loads directly with a 200 and its own <h1> (130ms)
  ✓   27 [desktop] › tests/e2e/public-routes.spec.ts:84:9 › public routes › /neighborhoods/williamsburg loads directly with a 200 and its own <h1> (135ms)
  ✓   28 [desktop] › tests/e2e/public-routes.spec.ts:84:9 › public routes › /reviews loads directly with a 200 and its own <h1> (158ms)
  ✓   20 [desktop] › tests/e2e/error-boundaries.spec.ts:34:7 › welcome-walk modal keyboard journey › Escape closes the modal and returns focus to the control that opened it (2.7s)
  ✓   29 [desktop] › tests/e2e/public-routes.spec.ts:84:9 › public routes › /book loads directly with a 200 and its own <h1> (150ms)
  ✓   21 [desktop] › tests/e2e/error-boundaries.spec.ts:63:7 › welcome-walk modal keyboard journey › Tab is trapped inside the modal (2.7s)
  ✓   30 [desktop] › tests/e2e/public-routes.spec.ts:84:9 › public routes › /contact loads directly with a 200 and its own <h1> (185ms)
  ✓   31 [desktop] › tests/e2e/public-routes.spec.ts:84:9 › public routes › /signup loads directly with a 200 and its own <h1> (190ms)
  ✓   32 [desktop] › tests/e2e/public-routes.spec.ts:91:7 › public routes › refresh preserves the page (no client-side-only routing) (226ms)
  ✓   35 [desktop] › tests/e2e/public-routes.spec.ts:125:9 › public routes › legacy /?page=about redirects to /about (161ms)
  ✓   36 [desktop] › tests/e2e/public-routes.spec.ts:125:9 › public routes › legacy /?page=safety redirects to /safety (133ms)
  ✓   37 [desktop] › tests/e2e/public-routes.spec.ts:125:9 › public routes › legacy /?page=reviews redirects to /reviews (144ms)
  ✓   34 [desktop] › tests/e2e/public-routes.spec.ts:125:9 › public routes › legacy /?page=how-it-works redirects to /#home-how-it-works-block (679ms)
  ✓   24 [desktop] › tests/e2e/public-routes.spec.ts:84:9 › public routes › / loads directly with a 200 and its own <h1> (2.4s)
  ✓   38 [desktop] › tests/e2e/public-routes.spec.ts:125:9 › public routes › legacy /?page=book redirects to /book (291ms)
  ✓   39 [desktop] › tests/e2e/public-routes.spec.ts:125:9 › public routes › legacy /?page=contact redirects to /contact (154ms)
  ✓   40 [desktop] › tests/e2e/public-routes.spec.ts:125:9 › public routes › legacy /?hood=williamsburg redirects to /neighborhoods/williamsburg (169ms)
  ✓   42 [desktop] › tests/e2e/public-routes.spec.ts:137:7 › public routes › legacy ?page=services lands on the home rates panel (630ms)
  ✓   41 [desktop] › tests/e2e/public-routes.spec.ts:131:7 › public routes › retired /services redirects to the home rates panel (2.3s)
  ✓   43 [desktop] › tests/e2e/public-routes.spec.ts:142:7 › public routes › legacy ?page=home stays on the homepage (no redirect loop) (2.3s)
  ✓   44 [desktop] › tests/e2e/public-routes.spec.ts:148:7 › public routes › unknown legacy params fall back to the homepage (2.3s)
  -   47 [desktop] › tests/e2e/public-routes.spec.ts:182:7 › public routes › mobile hamburger menu opens and its links navigate
  ✓   33 [desktop] › tests/e2e/public-routes.spec.ts:98:7 › public routes › browser back/forward restores the right page (4.3s)
  ✓   49 [desktop] › tests/e2e/public-routes.spec.ts:236:7 › public routes › no alert() fires while browsing the former fake-form pages (660ms)
  ✓   50 [desktop] › tests/e2e/public-routes.spec.ts:244:7 › public routes › /playground/service-cards returns 404 in production (112ms)
  ✓   51 [desktop] › tests/e2e/public-routes.spec.ts:256:7 › public routes › disabled homepage sections never render (610ms)
  ✓   46 [desktop] › tests/e2e/public-routes.spec.ts:173:7 › public routes › the menu "Where We Do It" entry scrolls to the home parks list (2.8s)
  ✓   45 [desktop] › tests/e2e/public-routes.spec.ts:157:7 › public routes › desktop nav links reach their destination (3.1s)
  ✓   53 [desktop] › tests/e2e/public-routes.spec.ts:279:11 › no horizontal overflow at any checked width › /about at 375px has no horizontal overflow (654ms)
  ✓   54 [desktop] › tests/e2e/public-routes.spec.ts:279:11 › no horizontal overflow at any checked width › /safety at 375px has no horizontal overflow (622ms)
  ✓   55 [desktop] › tests/e2e/public-routes.spec.ts:279:11 › no horizontal overflow at any checked width › /neighborhoods/williamsburg at 375px has no horizontal overflow (617ms)
  ✓   56 [desktop] › tests/e2e/public-routes.spec.ts:279:11 › no horizontal overflow at any checked width › /reviews at 375px has no horizontal overflow (634ms)
  ✓   57 [desktop] › tests/e2e/public-routes.spec.ts:279:11 › no horizontal overflow at any checked width › /book at 375px has no horizontal overflow (616ms)
  ✓   58 [desktop] › tests/e2e/public-routes.spec.ts:279:11 › no horizontal overflow at any checked width › /contact at 375px has no horizontal overflow (617ms)
  ✓   59 [desktop] › tests/e2e/public-routes.spec.ts:279:11 › no horizontal overflow at any checked width › /signup at 375px has no horizontal overflow (613ms)
  ✓   61 [desktop] › tests/e2e/public-routes.spec.ts:279:11 › no horizontal overflow at any checked width › /about at 768px has no horizontal overflow (637ms)
  ✓   62 [desktop] › tests/e2e/public-routes.spec.ts:279:11 › no horizontal overflow at any checked width › /safety at 768px has no horizontal overflow (611ms)
  ✓   63 [desktop] › tests/e2e/public-routes.spec.ts:279:11 › no horizontal overflow at any checked width › /neighborhoods/williamsburg at 768px has no horizontal overflow (622ms)
  ✓   48 [desktop] › tests/e2e/public-routes.spec.ts:203:7 › public routes › every "book" CTA opens booking in place (6.7s)
  ✓   64 [desktop] › tests/e2e/public-routes.spec.ts:279:11 › no horizontal overflow at any checked width › /reviews at 768px has no horizontal overflow (636ms)
  ✓   65 [desktop] › tests/e2e/public-routes.spec.ts:279:11 › no horizontal overflow at any checked width › /book at 768px has no horizontal overflow (629ms)
  ✓   66 [desktop] › tests/e2e/public-routes.spec.ts:279:11 › no horizontal overflow at any checked width › /contact at 768px has no horizontal overflow (611ms)
  ✓   67 [desktop] › tests/e2e/public-routes.spec.ts:279:11 › no horizontal overflow at any checked width › /signup at 768px has no horizontal overflow (619ms)
  ✓   69 [desktop] › tests/e2e/public-routes.spec.ts:279:11 › no horizontal overflow at any checked width › /about at 1440px has no horizontal overflow (639ms)
  ✓   70 [desktop] › tests/e2e/public-routes.spec.ts:279:11 › no horizontal overflow at any checked width › /safety at 1440px has no horizontal overflow (631ms)
  ✓   71 [desktop] › tests/e2e/public-routes.spec.ts:279:11 › no horizontal overflow at any checked width › /neighborhoods/williamsburg at 1440px has no horizontal overflow (615ms)
  ✓   72 [desktop] › tests/e2e/public-routes.spec.ts:279:11 › no horizontal overflow at any checked width › /reviews at 1440px has no horizontal overflow (637ms)
  ✓   73 [desktop] › tests/e2e/public-routes.spec.ts:279:11 › no horizontal overflow at any checked width › /book at 1440px has no horizontal overflow (621ms)
  ✓   74 [desktop] › tests/e2e/public-routes.spec.ts:279:11 › no horizontal overflow at any checked width › /contact at 1440px has no horizontal overflow (633ms)
  ✓   75 [desktop] › tests/e2e/public-routes.spec.ts:279:11 › no horizontal overflow at any checked width › /signup at 1440px has no horizontal overflow (624ms)
  ✓   76 [desktop] › tests/e2e/public-routes.spec.ts:292:7 › keyboard access › desktop nav is reachable and operable by keyboard (3.2s)
  -   77 [desktop] › tests/e2e/public-routes.spec.ts:313:7 › keyboard access › mobile hamburger toggle opens the menu on Enter, not just click
  ✓   78 [desktop] › tests/e2e/public-routes.spec.ts:323:7 › keyboard access › booking form fields are reachable by Tab (204ms)
  ✓   79 [desktop] › tests/e2e/public-routes.spec.ts:339:7 › prefers-reduced-motion › home hero content is visible immediately, not waiting on an animation (575ms)
  ✓   80 [desktop] › tests/e2e/section-nav.spec.ts:32:7 › desktop section rail › lands a clicked section flush under the fixed nav (2.9s)
  ✓   81 [desktop] › tests/e2e/section-nav.spec.ts:57:7 › desktop section rail › renders nothing on a route with no registered sections (115ms)
  -   82 [desktop] › tests/e2e/section-nav.spec.ts:66:7 › mobile section jump › stays out of the way over the hero, then jumps to a section
  -   83 [desktop] › tests/e2e/section-nav.spec.ts:101:7 › mobile section jump › closes on Escape and returns focus to the trigger
  ✓   84 [desktop] › tests/e2e/walk-with-us.spec.ts:23:7 › on-call walker application › leads with the on-call terms (153ms)
  ✓   85 [desktop] › tests/e2e/walk-with-us.spec.ts:31:7 › on-call walker application › keeps partial answers across a refresh (307ms)
  ✓   52 [desktop] › tests/e2e/public-routes.spec.ts:279:11 › no horizontal overflow at any checked width › / at 375px has no horizontal overflow (19.1s)
  ✓   86 [desktop] › tests/e2e/walk-with-us.spec.ts:42:7 › on-call walker application › lists every question, validates, and submits every answer (948ms)
  ✓   88 [desktop] › tests/e2e/walk-with-us.spec.ts:128:7 › on-call walker application › has no horizontal scroll at this width (151ms)
  ✓   87 [desktop] › tests/e2e/walk-with-us.spec.ts:122:7 › on-call walker application › Contact Us opens the contact modal (205ms)
  ✓   89 [mobile] › tests/e2e/admin-auth.spec.ts:20:9 › admin auth gate › unauthenticated visit to /admin/dashboard reaches a signed-out state, not admin data (785ms)
  ✓   90 [mobile] › tests/e2e/admin-auth.spec.ts:20:9 › admin auth gate › unauthenticated visit to /admin/dashboard/leads reaches a signed-out state, not admin data (806ms)
  ✓   91 [mobile] › tests/e2e/admin-auth.spec.ts:20:9 › admin auth gate › unauthenticated visit to /admin/dashboard/photos reaches a signed-out state, not admin data (430ms)
  ✓   92 [mobile] › tests/e2e/admin-auth.spec.ts:20:9 › admin auth gate › unauthenticated visit to /admin/dashboard/generator reaches a signed-out state, not admin data (441ms)
  ✓   93 [mobile] › tests/e2e/admin-auth.spec.ts:20:9 › admin auth gate › unauthenticated visit to /admin/dashboard/brief reaches a signed-out state, not admin data (330ms)
  ✓   94 [mobile] › tests/e2e/admin-auth.spec.ts:20:9 › admin auth gate › unauthenticated visit to /admin/dashboard/preview/founder-brief reaches a signed-out state, not admin data (420ms)
  -   96 [mobile] › tests/e2e/analytics-journey.spec.ts:47:7 › analytics journey (real browser -> /api/track) › a visit, a footer CTA and a form keystroke each report exactly once
  -   97 [mobile] › tests/e2e/analytics-journey.spec.ts:96:7 › analytics journey (real browser -> /api/track) › no personal data reaches the tracking endpoint
  -   98 [mobile] › tests/e2e/analytics-pageview.spec.ts:33:7 › analytics pageview (real browser -> /api/track) › a homepage visit fires a page_view POST to /api/track
  ✓   60 [desktop] › tests/e2e/public-routes.spec.ts:279:11 › no horizontal overflow at any checked width › / at 768px has no horizontal overflow (19.2s)
  ✓   95 [mobile] › tests/e2e/admin-auth.spec.ts:38:7 › admin auth gate › the signed-out link points back to the admin sign-in page (417ms)
  ✓  101 [mobile] › tests/e2e/booking.spec.ts:51:7 › booking form › a progress dot cannot skip ahead of a step that has not validated (1.7s)
  -  102 [mobile] › tests/e2e/contact-modal.spec.ts:19:7 › site nav Contact Us opens the modal without navigating
  -  103 [mobile] › tests/e2e/contact-modal.spec.ts:19:7 › footer Contact Us opens the modal without navigating
  -  104 [mobile] › tests/e2e/contact-modal.spec.ts:40:5 › the modal traps focus and hands the page back its scroll on close
  ✓   68 [desktop] › tests/e2e/public-routes.spec.ts:279:11 › no horizontal overflow at any checked width › / at 1440px has no horizontal overflow (19.1s)
  ✓  100 [mobile] › tests/e2e/booking.spec.ts:71:7 › booking form › phone consultation unchecked: success thanks the visitor and opens the scheduler (3.9s)
  ✓  106 [mobile] › tests/e2e/contact-modal.spec.ts:67:5 › /contact is still a route, not a modal (364ms)
  ✓   99 [mobile] › tests/e2e/booking.spec.ts:41:7 › booking form › phone consultation checked: success message promises a call, Calendly never opens (4.4s)
  ✓  107 [mobile] › tests/e2e/error-boundaries.spec.ts:21:7 › 404 boundary › an unknown path renders the intentional 404 page with a 404 status (296ms)
  -  109 [mobile] › tests/e2e/error-boundaries.spec.ts:63:7 › welcome-walk modal keyboard journey › Tab is trapped inside the modal
  ✓  105 [mobile] › tests/e2e/contact-modal.spec.ts:56:5 › mobile menu Contact Us opens the modal and closes the menu behind it (3.1s)
  ✓  111 [mobile] › tests/e2e/error-boundaries.spec.ts:102:7 › prefers-reduced-motion › welcome-walk modal is fully visible immediately, with no fade/rise animation (1.2s)
  ✓  113 [mobile] › tests/e2e/public-routes.spec.ts:84:9 › public routes › /about loads directly with a 200 and its own <h1> (285ms)
  ✓  114 [mobile] › tests/e2e/public-routes.spec.ts:84:9 › public routes › /safety loads directly with a 200 and its own <h1> (255ms)
  ✓  115 [mobile] › tests/e2e/public-routes.spec.ts:84:9 › public routes › /neighborhoods/williamsburg loads directly with a 200 and its own <h1> (267ms)
  ✓  110 [mobile] › tests/e2e/error-boundaries.spec.ts:80:7 › mobile section-jump keyboard journey › Tab is trapped inside the open menu (2.4s)
  ✓  116 [mobile] › tests/e2e/public-routes.spec.ts:84:9 › public routes › /reviews loads directly with a 200 and its own <h1> (319ms)
  ✓  117 [mobile] › tests/e2e/public-routes.spec.ts:84:9 › public routes › /contact loads directly with a 200 and its own <h1> (293ms)
  ✓  118 [mobile] › tests/e2e/public-routes.spec.ts:84:9 › public routes › /book loads directly with a 200 and its own <h1> (312ms)
  ✓  108 [mobile] › tests/e2e/error-boundaries.spec.ts:34:7 › welcome-walk modal keyboard journey › Escape closes the modal and returns focus to the control that opened it (3.0s)
  ✓  119 [mobile] › tests/e2e/public-routes.spec.ts:84:9 › public routes › /signup loads directly with a 200 and its own <h1> (276ms)
  ✓  120 [mobile] › tests/e2e/public-routes.spec.ts:91:7 › public routes › refresh preserves the page (no client-side-only routing) (318ms)
  ✓  123 [mobile] › tests/e2e/public-routes.spec.ts:125:9 › public routes › legacy /?page=about redirects to /about (314ms)
  ✓  124 [mobile] › tests/e2e/public-routes.spec.ts:125:9 › public routes › legacy /?page=safety redirects to /safety (249ms)
  ✓  112 [mobile] › tests/e2e/public-routes.spec.ts:84:9 › public routes › / loads directly with a 200 and its own <h1> (2.4s)
  ✓  122 [mobile] › tests/e2e/public-routes.spec.ts:125:9 › public routes › legacy /?page=how-it-works redirects to /#home-how-it-works-block (906ms)
  ✓  125 [mobile] › tests/e2e/public-routes.spec.ts:125:9 › public routes › legacy /?page=reviews redirects to /reviews (299ms)
  ✓  126 [mobile] › tests/e2e/public-routes.spec.ts:125:9 › public routes › legacy /?page=book redirects to /book (278ms)
  ✓  127 [mobile] › tests/e2e/public-routes.spec.ts:125:9 › public routes › legacy /?page=contact redirects to /contact (260ms)
  ✓  128 [mobile] › tests/e2e/public-routes.spec.ts:125:9 › public routes › legacy /?hood=williamsburg redirects to /neighborhoods/williamsburg (286ms)
  ✓  130 [mobile] › tests/e2e/public-routes.spec.ts:137:7 › public routes › legacy ?page=services lands on the home rates panel (887ms)
  ✓  129 [mobile] › tests/e2e/public-routes.spec.ts:131:7 › public routes › retired /services redirects to the home rates panel (2.5s)
  -  133 [mobile] › tests/e2e/public-routes.spec.ts:157:7 › public routes › desktop nav links reach their destination
  ✓  131 [mobile] › tests/e2e/public-routes.spec.ts:142:7 › public routes › legacy ?page=home stays on the homepage (no redirect loop) (2.5s)
  ✓  121 [mobile] › tests/e2e/public-routes.spec.ts:98:7 › public routes › browser back/forward restores the right page (4.3s)
  ✓  132 [mobile] › tests/e2e/public-routes.spec.ts:148:7 › public routes › unknown legacy params fall back to the homepage (2.5s)
  ✓  137 [mobile] › tests/e2e/public-routes.spec.ts:236:7 › public routes › no alert() fires while browsing the former fake-form pages (463ms)
  ✓  138 [mobile] › tests/e2e/public-routes.spec.ts:244:7 › public routes › /playground/service-cards returns 404 in production (168ms)
  ✓  139 [mobile] › tests/e2e/public-routes.spec.ts:256:7 › public routes › disabled homepage sections never render (887ms)
  ✓  134 [mobile] › tests/e2e/public-routes.spec.ts:173:7 › public routes › the menu "Where We Do It" entry scrolls to the home parks list (2.7s)
  ✓  135 [mobile] › tests/e2e/public-routes.spec.ts:182:7 › public routes › mobile hamburger menu opens and its links navigate (2.7s)
  ✓  141 [mobile] › tests/e2e/public-routes.spec.ts:279:11 › no horizontal overflow at any checked width › /about at 375px has no horizontal overflow (783ms)
  ✓  142 [mobile] › tests/e2e/public-routes.spec.ts:279:11 › no horizontal overflow at any checked width › /safety at 375px has no horizontal overflow (760ms)
  ✓  140 [mobile] › tests/e2e/public-routes.spec.ts:279:11 › no horizontal overflow at any checked width › / at 375px has no horizontal overflow (1.4s)
  ✓  143 [mobile] › tests/e2e/public-routes.spec.ts:279:11 › no horizontal overflow at any checked width › /neighborhoods/williamsburg at 375px has no horizontal overflow (757ms)
  ✓  144 [mobile] › tests/e2e/public-routes.spec.ts:279:11 › no horizontal overflow at any checked width › /reviews at 375px has no horizontal overflow (772ms)
  ✓  145 [mobile] › tests/e2e/public-routes.spec.ts:279:11 › no horizontal overflow at any checked width › /book at 375px has no horizontal overflow (1.0s)
  ✓  146 [mobile] › tests/e2e/public-routes.spec.ts:279:11 › no horizontal overflow at any checked width › /contact at 375px has no horizontal overflow (764ms)
  ✓  147 [mobile] › tests/e2e/public-routes.spec.ts:279:11 › no horizontal overflow at any checked width › /signup at 375px has no horizontal overflow (767ms)
  ✓  149 [mobile] › tests/e2e/public-routes.spec.ts:279:11 › no horizontal overflow at any checked width › /about at 768px has no horizontal overflow (841ms)
  ✓  150 [mobile] › tests/e2e/public-routes.spec.ts:279:11 › no horizontal overflow at any checked width › /safety at 768px has no horizontal overflow (778ms)
  ✓  148 [mobile] › tests/e2e/public-routes.spec.ts:279:11 › no horizontal overflow at any checked width › / at 768px has no horizontal overflow (1.4s)
  ✓  151 [mobile] › tests/e2e/public-routes.spec.ts:279:11 › no horizontal overflow at any checked width › /neighborhoods/williamsburg at 768px has no horizontal overflow (795ms)
  ✓  152 [mobile] › tests/e2e/public-routes.spec.ts:279:11 › no horizontal overflow at any checked width › /reviews at 768px has no horizontal overflow (791ms)
  ✓  136 [mobile] › tests/e2e/public-routes.spec.ts:203:7 › public routes › every "book" CTA opens booking in place (6.2s)
  ✓  154 [mobile] › tests/e2e/public-routes.spec.ts:279:11 › no horizontal overflow at any checked width › /contact at 768px has no horizontal overflow (766ms)
  ✓  153 [mobile] › tests/e2e/public-routes.spec.ts:279:11 › no horizontal overflow at any checked width › /book at 768px has no horizontal overflow (1.0s)
  ✓  155 [mobile] › tests/e2e/public-routes.spec.ts:279:11 › no horizontal overflow at any checked width › /signup at 768px has no horizontal overflow (772ms)
  ✓  158 [mobile] › tests/e2e/public-routes.spec.ts:279:11 › no horizontal overflow at any checked width › /safety at 1440px has no horizontal overflow (769ms)
  ✓  157 [mobile] › tests/e2e/public-routes.spec.ts:279:11 › no horizontal overflow at any checked width › /about at 1440px has no horizontal overflow (797ms)
  ✓  156 [mobile] › tests/e2e/public-routes.spec.ts:279:11 › no horizontal overflow at any checked width › / at 1440px has no horizontal overflow (1.4s)
  ✓  159 [mobile] › tests/e2e/public-routes.spec.ts:279:11 › no horizontal overflow at any checked width › /neighborhoods/williamsburg at 1440px has no horizontal overflow (777ms)
  ✓  160 [mobile] › tests/e2e/public-routes.spec.ts:279:11 › no horizontal overflow at any checked width › /reviews at 1440px has no horizontal overflow (818ms)
  ✓  162 [mobile] › tests/e2e/public-routes.spec.ts:279:11 › no horizontal overflow at any checked width › /contact at 1440px has no horizontal overflow (781ms)
  -  164 [mobile] › tests/e2e/public-routes.spec.ts:292:7 › keyboard access › desktop nav is reachable and operable by keyboard
  ✓  163 [mobile] › tests/e2e/public-routes.spec.ts:279:11 › no horizontal overflow at any checked width › /signup at 1440px has no horizontal overflow (910ms)
  ✓  161 [mobile] › tests/e2e/public-routes.spec.ts:279:11 › no horizontal overflow at any checked width › /book at 1440px has no horizontal overflow (1.1s)
  -  168 [mobile] › tests/e2e/section-nav.spec.ts:32:7 › desktop section rail › lands a clicked section flush under the fixed nav
  -  169 [mobile] › tests/e2e/section-nav.spec.ts:57:7 › desktop section rail › renders nothing on a route with no registered sections
  ✓  166 [mobile] › tests/e2e/public-routes.spec.ts:323:7 › keyboard access › booking form fields are reachable by Tab (290ms)
  ✓  167 [mobile] › tests/e2e/public-routes.spec.ts:339:7 › prefers-reduced-motion › home hero content is visible immediately, not waiting on an animation (881ms)
  ✓  172 [mobile] › tests/e2e/walk-with-us.spec.ts:23:7 › on-call walker application › leads with the on-call terms (279ms)
  ✓  173 [mobile] › tests/e2e/walk-with-us.spec.ts:31:7 › on-call walker application › keeps partial answers across a refresh (457ms)
  ✓  171 [mobile] › tests/e2e/section-nav.spec.ts:101:7 › mobile section jump › closes on Escape and returns focus to the trigger (1.8s)
  ✓  165 [mobile] › tests/e2e/public-routes.spec.ts:313:7 › keyboard access › mobile hamburger toggle opens the menu on Enter, not just click (2.5s)
  ✓  175 [mobile] › tests/e2e/walk-with-us.spec.ts:122:7 › on-call walker application › Contact Us opens the contact modal (290ms)
  ✓  176 [mobile] › tests/e2e/walk-with-us.spec.ts:128:7 › on-call walker application › has no horizontal scroll at this width (258ms)
  ✓  170 [mobile] › tests/e2e/section-nav.spec.ts:66:7 › mobile section jump › stays out of the way over the hero, then jumps to a section (3.2s)
  ✓  174 [mobile] › tests/e2e/walk-with-us.spec.ts:42:7 › on-call walker application › lists every question, validates, and submits every answer (2.1s)

  20 skipped
  156 passed (57.6s)
