
> nextapp@0.1.0 test:e2e
> playwright test


Running 222 tests using 7 workers

  ✓    5 [desktop] › tests/e2e/admin-auth.spec.ts:38:7 › admin auth gate › the signed-out link points back to the admin sign-in page (610ms)
  -    8 [desktop] › tests/e2e/analytics-journey.spec.ts:47:7 › analytics journey (real browser -> /api/track) › a visit, a footer CTA and a form keystroke each report exactly once
  -    9 [desktop] › tests/e2e/analytics-journey.spec.ts:99:7 › analytics journey (real browser -> /api/track) › no personal data reaches the tracking endpoint
  ✓    1 [desktop] › tests/e2e/admin-auth.spec.ts:20:9 › admin auth gate › unauthenticated visit to /admin/dashboard/generator reaches a signed-out state, not admin data (624ms)
  ✓    7 [desktop] › tests/e2e/admin-auth.spec.ts:20:9 › admin auth gate › unauthenticated visit to /admin/dashboard/leads reaches a signed-out state, not admin data (624ms)
  ✓    4 [desktop] › tests/e2e/admin-auth.spec.ts:20:9 › admin auth gate › unauthenticated visit to /admin/dashboard/preview/founder-brief reaches a signed-out state, not admin data (630ms)
  ✓    2 [desktop] › tests/e2e/admin-auth.spec.ts:20:9 › admin auth gate › unauthenticated visit to /admin/dashboard/brief reaches a signed-out state, not admin data (631ms)
  ✓    6 [desktop] › tests/e2e/admin-auth.spec.ts:20:9 › admin auth gate › unauthenticated visit to /admin/dashboard reaches a signed-out state, not admin data (637ms)
  ✓    3 [desktop] › tests/e2e/admin-auth.spec.ts:20:9 › admin auth gate › unauthenticated visit to /admin/dashboard/photos reaches a signed-out state, not admin data (637ms)
  -   10 [desktop] › tests/e2e/analytics-pageview.spec.ts:33:7 › analytics pageview (real browser -> /api/track) › a homepage visit fires a page_view POST to /api/track
  -   17 [desktop] › tests/e2e/contact-modal.spec.ts:56:5 › mobile menu Contact Us opens the modal and closes the menu behind it
  ✓   18 [desktop] › tests/e2e/contact-modal.spec.ts:67:5 › /contact is still a route, not a modal (751ms)
  ✓   12 [desktop] › tests/e2e/booking.spec.ts:56:7 › booking form › a progress dot cannot skip ahead of a step that has not validated (1.1s)
  ✓   19 [desktop] › tests/e2e/error-boundaries.spec.ts:21:7 › 404 boundary › an unknown path renders the intentional 404 page with a 404 status (299ms)
  ✓   13 [desktop] › tests/e2e/contact-modal.spec.ts:19:7 › site nav Contact Us opens the modal without navigating (1.7s)
  ✓   15 [desktop] › tests/e2e/contact-modal.spec.ts:19:7 › footer Contact Us opens the modal without navigating (1.7s)
  -   22 [desktop] › tests/e2e/error-boundaries.spec.ts:80:7 › mobile section-jump keyboard journey › Tab is trapped inside the open menu
  ✓   16 [desktop] › tests/e2e/contact-modal.spec.ts:40:5 › the modal traps focus and hands the page back its scroll on close (2.1s)
  ✓   14 [desktop] › tests/e2e/booking.spec.ts:76:7 › booking form › phone consultation unchecked: success thanks the visitor and opens the scheduler (2.3s)
  ✓   23 [desktop] › tests/e2e/error-boundaries.spec.ts:102:7 › prefers-reduced-motion › welcome-walk modal is fully visible immediately, with no fade/rise animation (737ms)
  ✓   21 [desktop] › tests/e2e/error-boundaries.spec.ts:63:7 › welcome-walk modal keyboard journey › Tab is trapped inside the modal (1.6s)
  ✓   20 [desktop] › tests/e2e/error-boundaries.spec.ts:34:7 › welcome-walk modal keyboard journey › Escape closes the modal and returns focus to the control that opened it (1.7s)
  ✓   25 [desktop] › tests/e2e/home-entrance.spec.ts:199:5 › reduced motion: final state at once, no intro, no video request (777ms)
  ✓   27 [desktop] › tests/e2e/home-entrance.spec.ts:233:5 › video is requested only after load and the viewport picks the right size (403ms)
  ✓   26 [desktop] › tests/e2e/home-entrance.spec.ts:218:5 › data-saving signal: poster only, no video request (1.2s)
  ✓   11 [desktop] › tests/e2e/booking.spec.ts:46:7 › booking form › phone consultation checked: success message promises a call, Calendly never opens (3.6s)
  ✓   24 [desktop] › tests/e2e/home-entrance.spec.ts:179:5 › headline and primary CTA are visible and operable from the first frame, without waiting for the intro (2.6s)
  ✓   31 [desktop] › tests/e2e/home-entrance.spec.ts:326:5 › keyboard can reach and activate the primary CTA (1.6s)
  ✓   29 [desktop] › tests/e2e/home-entrance.spec.ts:277:7 › video request held and never fulfilled: CTA stays visible and operable (1.7s)
  ✓   30 [desktop] › tests/e2e/home-entrance.spec.ts:277:7 › video request aborted: CTA stays visible and operable (2.2s)
  ✓   36 [desktop] › tests/e2e/home-image-delivery.spec.ts:55:7 › home image delivery › paw walk renders from WebP prints with no horizontal overflow (727ms)
  ✓   35 [desktop] › tests/e2e/home-image-delivery.spec.ts:21:7 › home image delivery › team portraits are not requested until scrolled near, then load and show (821ms)
  ✓   38 [desktop] › tests/e2e/public-routes.spec.ts:85:9 › public routes › /about loads directly with a 200 and its own <h1> (195ms)
  ✓   39 [desktop] › tests/e2e/public-routes.spec.ts:85:9 › public routes › /safety loads directly with a 200 and its own <h1> (231ms)
  ✓   40 [desktop] › tests/e2e/public-routes.spec.ts:85:9 › public routes › /neighborhoods/williamsburg loads directly with a 200 and its own <h1> (189ms)
  ✓   41 [desktop] › tests/e2e/public-routes.spec.ts:85:9 › public routes › /reviews loads directly with a 200 and its own <h1> (211ms)
  ✓   42 [desktop] › tests/e2e/public-routes.spec.ts:85:9 › public routes › /book loads directly with a 200 and its own <h1> (199ms)
  ✓   43 [desktop] › tests/e2e/public-routes.spec.ts:85:9 › public routes › /contact loads directly with a 200 and its own <h1> (158ms)
  ✓   44 [desktop] › tests/e2e/public-routes.spec.ts:85:9 › public routes › /signup loads directly with a 200 and its own <h1> (209ms)
  ✓   45 [desktop] › tests/e2e/public-routes.spec.ts:92:7 › public routes › refresh preserves the page (no client-side-only routing) (221ms)
  ✓   28 [desktop] › tests/e2e/home-entrance.spec.ts:244:5 › GSAP chunk blocked: CTA and headline stay visible and the page has no entrance (3.4s)
  ✓   48 [desktop] › tests/e2e/public-routes.spec.ts:126:9 › public routes › legacy /?page=about redirects to /about (188ms)
  ✓   37 [desktop] › tests/e2e/public-routes.spec.ts:85:9 › public routes › / loads directly with a 200 and its own <h1> (1.4s)
  ✓   32 [desktop] › tests/e2e/home-entrance.spec.ts:345:7 › no horizontal overflow at 375px after the intro (3.0s)
  ✓   49 [desktop] › tests/e2e/public-routes.spec.ts:126:9 › public routes › legacy /?page=safety redirects to /safety (158ms)
  ✓   50 [desktop] › tests/e2e/public-routes.spec.ts:126:9 › public routes › legacy /?page=reviews redirects to /reviews (175ms)
  ✓   52 [desktop] › tests/e2e/public-routes.spec.ts:126:9 › public routes › legacy /?page=book redirects to /book (189ms)
  ✓   51 [desktop] › tests/e2e/public-routes.spec.ts:126:9 › public routes › legacy /?page=contact redirects to /contact (188ms)
  ✓   33 [desktop] › tests/e2e/home-entrance.spec.ts:345:7 › no horizontal overflow at 768px after the intro (3.1s)
  ✓   47 [desktop] › tests/e2e/public-routes.spec.ts:126:9 › public routes › legacy /?page=how-it-works redirects to /#home-how-it-works-block (639ms)
  ✓   53 [desktop] › tests/e2e/public-routes.spec.ts:126:9 › public routes › legacy /?hood=williamsburg redirects to /neighborhoods/williamsburg (215ms)
  ✓   55 [desktop] › tests/e2e/public-routes.spec.ts:138:7 › public routes › legacy ?page=services lands on the home rates panel (387ms)
  ✓   34 [desktop] › tests/e2e/home-entrance.spec.ts:345:7 › no horizontal overflow at 1440px after the intro (3.0s)
  -   60 [desktop] › tests/e2e/public-routes.spec.ts:183:7 › public routes › mobile hamburger menu opens and its links navigate
  ✓   54 [desktop] › tests/e2e/public-routes.spec.ts:132:7 › public routes › retired /services redirects to the home rates panel (1.7s)
  ✓   57 [desktop] › tests/e2e/public-routes.spec.ts:149:7 › public routes › unknown legacy params fall back to the homepage (1.6s)
  ✓   56 [desktop] › tests/e2e/public-routes.spec.ts:143:7 › public routes › legacy ?page=home stays on the homepage (no redirect loop) (1.7s)
  ✓   46 [desktop] › tests/e2e/public-routes.spec.ts:99:7 › public routes › browser back/forward restores the right page (2.9s)
  ✓   63 [desktop] › tests/e2e/public-routes.spec.ts:245:7 › public routes › /playground/service-cards returns 404 in production (627ms)
[WebServer] [bench] settings read failed, using defaults invalid_grant: Invalid grant: account not found
  ✓   59 [desktop] › tests/e2e/public-routes.spec.ts:174:7 › public routes › the menu "Where We Do It" entry scrolls to the home parks list (2.1s)
  ✓   62 [desktop] › tests/e2e/public-routes.spec.ts:237:7 › public routes › no alert() fires while browsing the former fake-form pages (1.5s)
  ✓   64 [desktop] › tests/e2e/public-routes.spec.ts:257:7 › public routes › disabled homepage sections never render (1.4s)
  ✓   66 [desktop] › tests/e2e/public-routes.spec.ts:280:11 › no horizontal overflow at any checked width › /about at 375px has no horizontal overflow (863ms)
  ✓   67 [desktop] › tests/e2e/public-routes.spec.ts:280:11 › no horizontal overflow at any checked width › /safety at 375px has no horizontal overflow (785ms)
  ✓   58 [desktop] › tests/e2e/public-routes.spec.ts:158:7 › public routes › desktop nav links reach their destination (3.3s)
  ✓   68 [desktop] › tests/e2e/public-routes.spec.ts:280:11 › no horizontal overflow at any checked width › /neighborhoods/williamsburg at 375px has no horizontal overflow (667ms)
  ✓   69 [desktop] › tests/e2e/public-routes.spec.ts:280:11 › no horizontal overflow at any checked width › /reviews at 375px has no horizontal overflow (687ms)
  ✓   65 [desktop] › tests/e2e/public-routes.spec.ts:280:11 › no horizontal overflow at any checked width › / at 375px has no horizontal overflow (1.6s)
  ✓   70 [desktop] › tests/e2e/public-routes.spec.ts:280:11 › no horizontal overflow at any checked width › /book at 375px has no horizontal overflow (701ms)
  ✓   71 [desktop] › tests/e2e/public-routes.spec.ts:280:11 › no horizontal overflow at any checked width › /contact at 375px has no horizontal overflow (686ms)
  ✓   72 [desktop] › tests/e2e/public-routes.spec.ts:280:11 › no horizontal overflow at any checked width › /signup at 375px has no horizontal overflow (653ms)
  ✓   74 [desktop] › tests/e2e/public-routes.spec.ts:280:11 › no horizontal overflow at any checked width › /about at 768px has no horizontal overflow (713ms)
  ✓   75 [desktop] › tests/e2e/public-routes.spec.ts:280:11 › no horizontal overflow at any checked width › /safety at 768px has no horizontal overflow (728ms)
  ✓   76 [desktop] › tests/e2e/public-routes.spec.ts:280:11 › no horizontal overflow at any checked width › /neighborhoods/williamsburg at 768px has no horizontal overflow (772ms)
  ✓   78 [desktop] › tests/e2e/public-routes.spec.ts:280:11 › no horizontal overflow at any checked width › /book at 768px has no horizontal overflow (723ms)
  ✓   77 [desktop] › tests/e2e/public-routes.spec.ts:280:11 › no horizontal overflow at any checked width › /reviews at 768px has no horizontal overflow (743ms)
  ✓   79 [desktop] › tests/e2e/public-routes.spec.ts:280:11 › no horizontal overflow at any checked width › /contact at 768px has no horizontal overflow (635ms)
  ✓   80 [desktop] › tests/e2e/public-routes.spec.ts:280:11 › no horizontal overflow at any checked width › /signup at 768px has no horizontal overflow (646ms)
  ✓   73 [desktop] › tests/e2e/public-routes.spec.ts:280:11 › no horizontal overflow at any checked width › / at 768px has no horizontal overflow (1.4s)
  ✓   83 [desktop] › tests/e2e/public-routes.spec.ts:280:11 › no horizontal overflow at any checked width › /safety at 1440px has no horizontal overflow (740ms)
  ✓   82 [desktop] › tests/e2e/public-routes.spec.ts:280:11 › no horizontal overflow at any checked width › /about at 1440px has no horizontal overflow (751ms)
  ✓   61 [desktop] › tests/e2e/public-routes.spec.ts:204:7 › public routes › every "book" CTA opens booking in place (5.1s)
  ✓   84 [desktop] › tests/e2e/public-routes.spec.ts:280:11 › no horizontal overflow at any checked width › /neighborhoods/williamsburg at 1440px has no horizontal overflow (828ms)
  ✓   85 [desktop] › tests/e2e/public-routes.spec.ts:280:11 › no horizontal overflow at any checked width › /reviews at 1440px has no horizontal overflow (800ms)
  ✓   86 [desktop] › tests/e2e/public-routes.spec.ts:280:11 › no horizontal overflow at any checked width › /book at 1440px has no horizontal overflow (812ms)
  -   90 [desktop] › tests/e2e/public-routes.spec.ts:314:7 › keyboard access › mobile hamburger toggle opens the menu on Enter, not just click
  ✓   93 [desktop] › tests/e2e/public-routes.spec.ts:367:9 › legacy link redirects (proxy) › /?page=services -> 307 /#home-personalized-care-section (5ms)
  ✓   94 [desktop] › tests/e2e/public-routes.spec.ts:367:9 › legacy link redirects (proxy) › /?page=how-it-works -> 307 /#home-how-it-works-block (3ms)
  ✓   95 [desktop] › tests/e2e/public-routes.spec.ts:367:9 › legacy link redirects (proxy) › /?page=about&utm_source=mail -> 307 /about (8ms)
  ✓   96 [desktop] › tests/e2e/public-routes.spec.ts:367:9 › legacy link redirects (proxy) › /?hood=williamsburg&page=about -> 307 /neighborhoods/williamsburg (8ms)
  ✓   97 [desktop] › tests/e2e/public-routes.spec.ts:367:9 › legacy link redirects (proxy) › /?page=about&page=safety -> 307 /about (12ms)
  ✓   98 [desktop] › tests/e2e/public-routes.spec.ts:375:9 › legacy link redirects (proxy) › / is served without a redirect (13ms)
  ✓   99 [desktop] › tests/e2e/public-routes.spec.ts:375:9 › legacy link redirects (proxy) › /?welcome=1 is served without a redirect (7ms)
  ✓  100 [desktop] › tests/e2e/public-routes.spec.ts:375:9 › legacy link redirects (proxy) › /?utm_source=a&utm_campaign=b is served without a redirect (10ms)
  ✓  101 [desktop] › tests/e2e/public-routes.spec.ts:375:9 › legacy link redirects (proxy) › /?page=home is served without a redirect (12ms)
  ✓  102 [desktop] › tests/e2e/public-routes.spec.ts:375:9 › legacy link redirects (proxy) › /?page=nope is served without a redirect (7ms)
  ✓   87 [desktop] › tests/e2e/public-routes.spec.ts:280:11 › no horizontal overflow at any checked width › /contact at 1440px has no horizontal overflow (725ms)
  ✓   88 [desktop] › tests/e2e/public-routes.spec.ts:280:11 › no horizontal overflow at any checked width › /signup at 1440px has no horizontal overflow (762ms)
  ✓   91 [desktop] › tests/e2e/public-routes.spec.ts:324:7 › keyboard access › booking form fields are reachable by Tab (272ms)
  -  105 [desktop] › tests/e2e/section-nav.spec.ts:66:7 › mobile section jump › stays out of the way over the hero, then jumps to a section
  -  106 [desktop] › tests/e2e/section-nav.spec.ts:101:7 › mobile section jump › closes on Escape and returns focus to the trigger
  ✓  104 [desktop] › tests/e2e/section-nav.spec.ts:57:7 › desktop section rail › renders nothing on a route with no registered sections (242ms)
[WebServer] [bench] settings read failed, using defaults invalid_grant: Invalid grant: account not found
[WebServer] [bench] settings read failed, using defaults invalid_grant: Invalid grant: account not found
[WebServer] [bench] settings read failed, using defaults invalid_grant: Invalid grant: account not found
[WebServer] [bench] settings read failed, using defaults invalid_grant: Invalid grant: account not found
[WebServer] [bench] settings read failed, using defaults invalid_grant: Invalid grant: account not found
[WebServer] [bench] settings read failed, using defaults invalid_grant: Invalid grant: account not found
  ✓   92 [desktop] › tests/e2e/public-routes.spec.ts:340:7 › prefers-reduced-motion › home hero content is visible immediately, not waiting on an animation (597ms)
  ✓  107 [desktop] › tests/e2e/walk-with-us.spec.ts:19:7 › on-call walker application › leads with the on-call terms (453ms)
[WebServer] [bench] settings read failed, using defaults invalid_grant: Invalid grant: account not found
[WebServer] [bench] settings read failed, using defaults invalid_grant: Invalid grant: account not found
[WebServer] [bench] settings read failed, using defaults invalid_grant: Invalid grant: account not found
[WebServer] [bench] settings read failed, using defaults invalid_grant: Invalid grant: account not found
[WebServer] [bench] settings read failed, using defaults invalid_grant: Invalid grant: account not found
  ✓  108 [desktop] › tests/e2e/walk-with-us.spec.ts:27:7 › on-call walker application › keeps partial answers across a refresh (645ms)
  ✓  110 [desktop] › tests/e2e/walk-with-us.spec.ts:118:7 › on-call walker application › Contact Us opens the contact modal (520ms)
  ✓  111 [desktop] › tests/e2e/walk-with-us.spec.ts:124:7 › on-call walker application › has no horizontal scroll at this width (376ms)
  ✓   89 [desktop] › tests/e2e/public-routes.spec.ts:293:7 › keyboard access › desktop nav is reachable and operable by keyboard (1.8s)
  ✓  109 [desktop] › tests/e2e/walk-with-us.spec.ts:38:7 › on-call walker application › lists every question, validates, and submits every answer (1.3s)
  ✓  103 [desktop] › tests/e2e/section-nav.spec.ts:32:7 › desktop section rail › lands a clicked section flush under the fixed nav (1.7s)
  ✓  114 [mobile] › tests/e2e/admin-auth.spec.ts:20:9 › admin auth gate › unauthenticated visit to /admin/dashboard/photos reaches a signed-out state, not admin data (836ms)
  ✓  113 [mobile] › tests/e2e/admin-auth.spec.ts:20:9 › admin auth gate › unauthenticated visit to /admin/dashboard/leads reaches a signed-out state, not admin data (847ms)
  -  119 [mobile] › tests/e2e/analytics-journey.spec.ts:47:7 › analytics journey (real browser -> /api/track) › a visit, a footer CTA and a form keystroke each report exactly once
  -  120 [mobile] › tests/e2e/analytics-journey.spec.ts:99:7 › analytics journey (real browser -> /api/track) › no personal data reaches the tracking endpoint
  ✓  112 [mobile] › tests/e2e/admin-auth.spec.ts:20:9 › admin auth gate › unauthenticated visit to /admin/dashboard reaches a signed-out state, not admin data (856ms)
  -  121 [mobile] › tests/e2e/analytics-pageview.spec.ts:33:7 › analytics pageview (real browser -> /api/track) › a homepage visit fires a page_view POST to /api/track
  ✓  115 [mobile] › tests/e2e/admin-auth.spec.ts:20:9 › admin auth gate › unauthenticated visit to /admin/dashboard/generator reaches a signed-out state, not admin data (714ms)
  ✓  118 [mobile] › tests/e2e/admin-auth.spec.ts:38:7 › admin auth gate › the signed-out link points back to the admin sign-in page (660ms)
  ✓  117 [mobile] › tests/e2e/admin-auth.spec.ts:20:9 › admin auth gate › unauthenticated visit to /admin/dashboard/preview/founder-brief reaches a signed-out state, not admin data (859ms)
  -  125 [mobile] › tests/e2e/contact-modal.spec.ts:19:7 › site nav Contact Us opens the modal without navigating
  -  126 [mobile] › tests/e2e/contact-modal.spec.ts:19:7 › footer Contact Us opens the modal without navigating
  -  127 [mobile] › tests/e2e/contact-modal.spec.ts:40:5 › the modal traps focus and hands the page back its scroll on close
  ✓  116 [mobile] › tests/e2e/admin-auth.spec.ts:20:9 › admin auth gate › unauthenticated visit to /admin/dashboard/brief reaches a signed-out state, not admin data (1.3s)
  ✓  123 [mobile] › tests/e2e/booking.spec.ts:56:7 › booking form › a progress dot cannot skip ahead of a step that has not validated (1.0s)
  ✓  129 [mobile] › tests/e2e/contact-modal.spec.ts:67:5 › /contact is still a route, not a modal (382ms)
  -  132 [mobile] › tests/e2e/error-boundaries.spec.ts:63:7 › welcome-walk modal keyboard journey › Tab is trapped inside the modal
  ✓  130 [mobile] › tests/e2e/error-boundaries.spec.ts:21:7 › 404 boundary › an unknown path renders the intentional 404 page with a 404 status (588ms)
  ✓  128 [mobile] › tests/e2e/contact-modal.spec.ts:56:5 › mobile menu Contact Us opens the modal and closes the menu behind it (1.5s)
  ✓  133 [mobile] › tests/e2e/error-boundaries.spec.ts:80:7 › mobile section-jump keyboard journey › Tab is trapped inside the open menu (1.0s)
  ✓  134 [mobile] › tests/e2e/error-boundaries.spec.ts:102:7 › prefers-reduced-motion › welcome-walk modal is fully visible immediately, with no fade/rise animation (1.1s)
  ✓  131 [mobile] › tests/e2e/error-boundaries.spec.ts:34:7 › welcome-walk modal keyboard journey › Escape closes the modal and returns focus to the control that opened it (2.0s)
  ✓  122 [mobile] › tests/e2e/booking.spec.ts:46:7 › booking form › phone consultation checked: success message promises a call, Calendly never opens (4.0s)
  ✓  136 [mobile] › tests/e2e/home-entrance.spec.ts:199:5 › reduced motion: final state at once, no intro, no video request (1.5s)
  ✓  124 [mobile] › tests/e2e/booking.spec.ts:76:7 › booking form › phone consultation unchecked: success thanks the visitor and opens the scheduler (4.0s)
  ✓  137 [mobile] › tests/e2e/home-entrance.spec.ts:218:5 › data-saving signal: poster only, no video request (1.5s)
  -  142 [mobile] › tests/e2e/home-entrance.spec.ts:326:5 › keyboard can reach and activate the primary CTA
  ✓  135 [mobile] › tests/e2e/home-entrance.spec.ts:179:5 › headline and primary CTA are visible and operable from the first frame, without waiting for the intro (2.6s)
  ✓   81 [desktop] › tests/e2e/public-routes.spec.ts:280:11 › no horizontal overflow at any checked width › / at 1440px has no horizontal overflow (9.2s)
  ✓  138 [mobile] › tests/e2e/home-entrance.spec.ts:233:5 › video is requested only after load and the viewport picks the right size (2.2s)
  ✓  140 [mobile] › tests/e2e/home-entrance.spec.ts:277:7 › video request held and never fulfilled: CTA stays visible and operable (1.6s)
  ✓  141 [mobile] › tests/e2e/home-entrance.spec.ts:277:7 › video request aborted: CTA stays visible and operable (1.6s)
  ✓  147 [mobile] › tests/e2e/home-image-delivery.spec.ts:55:7 › home image delivery › paw walk renders from WebP prints with no horizontal overflow (1.2s)
  ✓  149 [mobile] › tests/e2e/public-routes.spec.ts:85:9 › public routes › /about loads directly with a 200 and its own <h1> (309ms)
  ✓  139 [mobile] › tests/e2e/home-entrance.spec.ts:244:5 › GSAP chunk blocked: CTA and headline stay visible and the page has no entrance (3.3s)
  ✓  148 [mobile] › tests/e2e/public-routes.spec.ts:85:9 › public routes › / loads directly with a 200 and its own <h1> (1.5s)
  ✓  145 [mobile] › tests/e2e/home-image-delivery.spec.ts:21:7 › home image delivery › team portraits are not requested until scrolled near, then load and show (2.0s)
  ✓  150 [mobile] › tests/e2e/public-routes.spec.ts:85:9 › public routes › /safety loads directly with a 200 and its own <h1> (349ms)
  ✓  152 [mobile] › tests/e2e/public-routes.spec.ts:85:9 › public routes › /neighborhoods/williamsburg loads directly with a 200 and its own <h1> (319ms)
  ✓  151 [mobile] › tests/e2e/public-routes.spec.ts:85:9 › public routes › /reviews loads directly with a 200 and its own <h1> (343ms)
  ✓  153 [mobile] › tests/e2e/public-routes.spec.ts:85:9 › public routes › /book loads directly with a 200 and its own <h1> (293ms)
  ✓  143 [mobile] › tests/e2e/home-entrance.spec.ts:345:7 › no horizontal overflow at 375px after the intro (3.3s)
  ✓  154 [mobile] › tests/e2e/public-routes.spec.ts:85:9 › public routes › /contact loads directly with a 200 and its own <h1> (308ms)
  ✓  155 [mobile] › tests/e2e/public-routes.spec.ts:85:9 › public routes › /signup loads directly with a 200 and its own <h1> (318ms)
  ✓  156 [mobile] › tests/e2e/public-routes.spec.ts:92:7 › public routes › refresh preserves the page (no client-side-only routing) (410ms)
  ✓  159 [mobile] › tests/e2e/public-routes.spec.ts:126:9 › public routes › legacy /?page=about redirects to /about (373ms)
  ✓  158 [mobile] › tests/e2e/public-routes.spec.ts:126:9 › public routes › legacy /?page=how-it-works redirects to /#home-how-it-works-block (517ms)
  ✓  144 [mobile] › tests/e2e/home-entrance.spec.ts:345:7 › no horizontal overflow at 768px after the intro (3.4s)
  ✓  160 [mobile] › tests/e2e/public-routes.spec.ts:126:9 › public routes › legacy /?page=safety redirects to /safety (449ms)
  ✓  161 [mobile] › tests/e2e/public-routes.spec.ts:126:9 › public routes › legacy /?page=reviews redirects to /reviews (497ms)
  ✓  162 [mobile] › tests/e2e/public-routes.spec.ts:126:9 › public routes › legacy /?page=book redirects to /book (476ms)
  ✓  163 [mobile] › tests/e2e/public-routes.spec.ts:126:9 › public routes › legacy /?page=contact redirects to /contact (474ms)
  ✓  164 [mobile] › tests/e2e/public-routes.spec.ts:126:9 › public routes › legacy /?hood=williamsburg redirects to /neighborhoods/williamsburg (445ms)
  -  169 [mobile] › tests/e2e/public-routes.spec.ts:158:7 › public routes › desktop nav links reach their destination
  ✓  146 [mobile] › tests/e2e/home-entrance.spec.ts:345:7 › no horizontal overflow at 1440px after the intro (3.3s)
  ✓  166 [mobile] › tests/e2e/public-routes.spec.ts:138:7 › public routes › legacy ?page=services lands on the home rates panel (506ms)
  ✓  165 [mobile] › tests/e2e/public-routes.spec.ts:132:7 › public routes › retired /services redirects to the home rates panel (1.7s)
  ✓  167 [mobile] › tests/e2e/public-routes.spec.ts:143:7 › public routes › legacy ?page=home stays on the homepage (no redirect loop) (1.4s)
  ✓  168 [mobile] › tests/e2e/public-routes.spec.ts:149:7 › public routes › unknown legacy params fall back to the homepage (1.5s)
  ✓  174 [mobile] › tests/e2e/public-routes.spec.ts:245:7 › public routes › /playground/service-cards returns 404 in production (211ms)
  ✓  157 [mobile] › tests/e2e/public-routes.spec.ts:99:7 › public routes › browser back/forward restores the right page (3.1s)
  ✓  170 [mobile] › tests/e2e/public-routes.spec.ts:174:7 › public routes › the menu "Where We Do It" entry scrolls to the home parks list (1.8s)
  ✓  173 [mobile] › tests/e2e/public-routes.spec.ts:237:7 › public routes › no alert() fires while browsing the former fake-form pages (642ms)
  ✓  171 [mobile] › tests/e2e/public-routes.spec.ts:183:7 › public routes › mobile hamburger menu opens and its links navigate (1.9s)
  ✓  175 [mobile] › tests/e2e/public-routes.spec.ts:257:7 › public routes › disabled homepage sections never render (978ms)
  ✓  177 [mobile] › tests/e2e/public-routes.spec.ts:280:11 › no horizontal overflow at any checked width › /about at 375px has no horizontal overflow (898ms)
  ✓  178 [mobile] › tests/e2e/public-routes.spec.ts:280:11 › no horizontal overflow at any checked width › /safety at 375px has no horizontal overflow (887ms)
  ✓  179 [mobile] › tests/e2e/public-routes.spec.ts:280:11 › no horizontal overflow at any checked width › /neighborhoods/williamsburg at 375px has no horizontal overflow (859ms)
  ✓  180 [mobile] › tests/e2e/public-routes.spec.ts:280:11 › no horizontal overflow at any checked width › /reviews at 375px has no horizontal overflow (899ms)
  ✓  176 [mobile] › tests/e2e/public-routes.spec.ts:280:11 › no horizontal overflow at any checked width › / at 375px has no horizontal overflow (1.9s)
  ✓  182 [mobile] › tests/e2e/public-routes.spec.ts:280:11 › no horizontal overflow at any checked width › /contact at 375px has no horizontal overflow (800ms)
  ✓  183 [mobile] › tests/e2e/public-routes.spec.ts:280:11 › no horizontal overflow at any checked width › /signup at 375px has no horizontal overflow (826ms)
  ✓  185 [mobile] › tests/e2e/public-routes.spec.ts:280:11 › no horizontal overflow at any checked width › /about at 768px has no horizontal overflow (829ms)
  ✓  181 [mobile] › tests/e2e/public-routes.spec.ts:280:11 › no horizontal overflow at any checked width › /book at 375px has no horizontal overflow (1.7s)
  ✓  186 [mobile] › tests/e2e/public-routes.spec.ts:280:11 › no horizontal overflow at any checked width › /safety at 768px has no horizontal overflow (770ms)
  ✓  187 [mobile] › tests/e2e/public-routes.spec.ts:280:11 › no horizontal overflow at any checked width › /neighborhoods/williamsburg at 768px has no horizontal overflow (776ms)
  ✓  188 [mobile] › tests/e2e/public-routes.spec.ts:280:11 › no horizontal overflow at any checked width › /reviews at 768px has no horizontal overflow (804ms)
  ✓  184 [mobile] › tests/e2e/public-routes.spec.ts:280:11 › no horizontal overflow at any checked width › / at 768px has no horizontal overflow (1.9s)
  ✓  190 [mobile] › tests/e2e/public-routes.spec.ts:280:11 › no horizontal overflow at any checked width › /contact at 768px has no horizontal overflow (798ms)
  ✓  191 [mobile] › tests/e2e/public-routes.spec.ts:280:11 › no horizontal overflow at any checked width › /signup at 768px has no horizontal overflow (794ms)
  ✓  193 [mobile] › tests/e2e/public-routes.spec.ts:280:11 › no horizontal overflow at any checked width › /about at 1440px has no horizontal overflow (821ms)
  ✓  172 [mobile] › tests/e2e/public-routes.spec.ts:204:7 › public routes › every "book" CTA opens booking in place (5.1s)
  ✓  194 [mobile] › tests/e2e/public-routes.spec.ts:280:11 › no horizontal overflow at any checked width › /safety at 1440px has no horizontal overflow (794ms)
  ✓  195 [mobile] › tests/e2e/public-routes.spec.ts:280:11 › no horizontal overflow at any checked width › /neighborhoods/williamsburg at 1440px has no horizontal overflow (788ms)
  ✓  196 [mobile] › tests/e2e/public-routes.spec.ts:280:11 › no horizontal overflow at any checked width › /reviews at 1440px has no horizontal overflow (814ms)
  -  200 [mobile] › tests/e2e/public-routes.spec.ts:293:7 › keyboard access › desktop nav is reachable and operable by keyboard
  ✓  189 [mobile] › tests/e2e/public-routes.spec.ts:280:11 › no horizontal overflow at any checked width › /book at 768px has no horizontal overflow (2.2s)
  ✓  192 [mobile] › tests/e2e/public-routes.spec.ts:280:11 › no horizontal overflow at any checked width › / at 1440px has no horizontal overflow (1.8s)
  ✓  204 [mobile] › tests/e2e/public-routes.spec.ts:367:9 › legacy link redirects (proxy) › /?page=services -> 307 /#home-personalized-care-section (8ms)
  ✓  205 [mobile] › tests/e2e/public-routes.spec.ts:367:9 › legacy link redirects (proxy) › /?page=how-it-works -> 307 /#home-how-it-works-block (6ms)
  ✓  206 [mobile] › tests/e2e/public-routes.spec.ts:367:9 › legacy link redirects (proxy) › /?page=about&utm_source=mail -> 307 /about (5ms)
  ✓  207 [mobile] › tests/e2e/public-routes.spec.ts:367:9 › legacy link redirects (proxy) › /?hood=williamsburg&page=about -> 307 /neighborhoods/williamsburg (3ms)
  ✓  208 [mobile] › tests/e2e/public-routes.spec.ts:367:9 › legacy link redirects (proxy) › /?page=about&page=safety -> 307 /about (3ms)
  ✓  209 [mobile] › tests/e2e/public-routes.spec.ts:375:9 › legacy link redirects (proxy) › / is served without a redirect (9ms)
  ✓  210 [mobile] › tests/e2e/public-routes.spec.ts:375:9 › legacy link redirects (proxy) › /?welcome=1 is served without a redirect (12ms)
  ✓  211 [mobile] › tests/e2e/public-routes.spec.ts:375:9 › legacy link redirects (proxy) › /?utm_source=a&utm_campaign=b is served without a redirect (10ms)
  ✓  202 [mobile] › tests/e2e/public-routes.spec.ts:324:7 › keyboard access › booking form fields are reachable by Tab (328ms)
  ✓  212 [mobile] › tests/e2e/public-routes.spec.ts:375:9 › legacy link redirects (proxy) › /?page=home is served without a redirect (8ms)
  -  214 [mobile] › tests/e2e/section-nav.spec.ts:32:7 › desktop section rail › lands a clicked section flush under the fixed nav
  ✓  213 [mobile] › tests/e2e/public-routes.spec.ts:375:9 › legacy link redirects (proxy) › /?page=nope is served without a redirect (16ms)
  -  215 [mobile] › tests/e2e/section-nav.spec.ts:57:7 › desktop section rail › renders nothing on a route with no registered sections
  ✓  198 [mobile] › tests/e2e/public-routes.spec.ts:280:11 › no horizontal overflow at any checked width › /contact at 1440px has no horizontal overflow (961ms)
  ✓  199 [mobile] › tests/e2e/public-routes.spec.ts:280:11 › no horizontal overflow at any checked width › /signup at 1440px has no horizontal overflow (995ms)
[WebServer] [bench] settings read failed, using defaults invalid_grant: Invalid grant: account not found
[WebServer] [bench] settings read failed, using defaults invalid_grant: Invalid grant: account not found
[WebServer] [bench] settings read failed, using defaults invalid_grant: Invalid grant: account not found
[WebServer] [bench] settings read failed, using defaults invalid_grant: Invalid grant: account not found
  ✓  218 [mobile] › tests/e2e/walk-with-us.spec.ts:19:7 › on-call walker application › leads with the on-call terms (458ms)
  ✓  203 [mobile] › tests/e2e/public-routes.spec.ts:340:7 › prefers-reduced-motion › home hero content is visible immediately, not waiting on an animation (861ms)
[WebServer] [bench] settings read failed, using defaults invalid_grant: Invalid grant: account not found
[WebServer] [bench] settings read failed, using defaults invalid_grant: Invalid grant: account not found
[WebServer] [bench] settings read failed, using defaults invalid_grant: Invalid grant: account not found
  ✓  219 [mobile] › tests/e2e/walk-with-us.spec.ts:27:7 › on-call walker application › keeps partial answers across a refresh (576ms)
  ✓  197 [mobile] › tests/e2e/public-routes.spec.ts:280:11 › no horizontal overflow at any checked width › /book at 1440px has no horizontal overflow (1.8s)
[WebServer] [bench] settings read failed, using defaults invalid_grant: Invalid grant: account not found
[WebServer] [bench] settings read failed, using defaults invalid_grant: Invalid grant: account not found
[WebServer] [bench] settings read failed, using defaults invalid_grant: Invalid grant: account not found
[WebServer] [bench] settings read failed, using defaults invalid_grant: Invalid grant: account not found
  ✓  217 [mobile] › tests/e2e/section-nav.spec.ts:101:7 › mobile section jump › closes on Escape and returns focus to the trigger (977ms)
  ✓  201 [mobile] › tests/e2e/public-routes.spec.ts:314:7 › keyboard access › mobile hamburger toggle opens the menu on Enter, not just click (1.5s)
  ✓  222 [mobile] › tests/e2e/walk-with-us.spec.ts:124:7 › on-call walker application › has no horizontal scroll at this width (320ms)
  ✓  221 [mobile] › tests/e2e/walk-with-us.spec.ts:118:7 › on-call walker application › Contact Us opens the contact modal (563ms)
  ✓  216 [mobile] › tests/e2e/section-nav.spec.ts:66:7 › mobile section jump › stays out of the way over the hero, then jumps to a section (2.0s)
  ✓  220 [mobile] › tests/e2e/walk-with-us.spec.ts:38:7 › on-call walker application › lists every question, validates, and submits every answer (2.4s)
::notice title=🎭 Playwright Run Summary::  21 skipped%0A  201 passed (35.4s)

  21 skipped
  201 passed (35.4s)
